Archive member included because of file (symbol)

a:/imt_sdk_win_64/imt_sdk_win_64/winavr/bin/../lib/gcc/avr/4.3.3/avr5\libgcc.a(_exit.o)
                              a:/imt_sdk_win_64/imt_sdk_win_64/winavr/bin/../lib/gcc/avr/4.3.3/../../../../avr/lib/avr5/crtm32.o (exit)
a:/imt_sdk_win_64/imt_sdk_win_64/winavr/bin/../lib/gcc/avr/4.3.3/avr5\libgcc.a(_copy_data.o)
                              ./App/TrafficLight/TrafficLight.o (__do_copy_data)
a:/imt_sdk_win_64/imt_sdk_win_64/winavr/bin/../lib/gcc/avr/4.3.3/avr5\libgcc.a(_clear_bss.o)
                              ./Mcal/UART/uart.o (__do_clear_bss)

Allocating common symbols
Common symbol       size              file

Gptr_uartRxInt      0x2               ./Mcal/UART/uart.o
Gptr_uartTxInt      0x2               ./Mcal/UART/uart.o
Gptr_uartDataEmptyRegInt
                    0x2               ./Mcal/UART/uart.o
gu8_ReceiverBuffer  0x64              ./App/TrafficLight/TrafficLight.o

Memory Configuration

Name             Origin             Length             Attributes
text             0x00000000         0x00020000         xr
data             0x00800060         0x0000ffa0         rw !x
eeprom           0x00810000         0x00010000         rw !x
fuse             0x00820000         0x00000400         rw !x
lock             0x00830000         0x00000400         rw !x
signature        0x00840000         0x00000400         rw !x
*default*        0x00000000         0xffffffff

Linker script and memory map

LOAD a:/imt_sdk_win_64/imt_sdk_win_64/winavr/bin/../lib/gcc/avr/4.3.3/../../../../avr/lib/avr5/crtm32.o
LOAD ./Mcal/UART/uart.o
LOAD ./Mcal/DIO/DIO.o
LOAD ./Firmware/LED/led.o
LOAD ./App/TrafficLight/TrafficLight.o
LOAD ./main.o
LOAD a:/imt_sdk_win_64/imt_sdk_win_64/winavr/bin/../lib/gcc/avr/4.3.3/avr5\libgcc.a
LOAD a:/imt_sdk_win_64/imt_sdk_win_64/winavr/bin/../lib/gcc/avr/4.3.3/../../../../avr/lib/avr5\libc.a
LOAD a:/imt_sdk_win_64/imt_sdk_win_64/winavr/bin/../lib/gcc/avr/4.3.3/avr5\libgcc.a

.hash
 *(.hash)

.dynsym
 *(.dynsym)

.dynstr
 *(.dynstr)

.gnu.version
 *(.gnu.version)

.gnu.version_d
 *(.gnu.version_d)

.gnu.version_r
 *(.gnu.version_r)

.rel.init
 *(.rel.init)

.rela.init
 *(.rela.init)

.rel.text
 *(.rel.text)
 *(.rel.text.*)
 *(.rel.gnu.linkonce.t*)

.rela.text
 *(.rela.text)
 *(.rela.text.*)
 *(.rela.gnu.linkonce.t*)

.rel.fini
 *(.rel.fini)

.rela.fini
 *(.rela.fini)

.rel.rodata
 *(.rel.rodata)
 *(.rel.rodata.*)
 *(.rel.gnu.linkonce.r*)

.rela.rodata
 *(.rela.rodata)
 *(.rela.rodata.*)
 *(.rela.gnu.linkonce.r*)

.rel.data
 *(.rel.data)
 *(.rel.data.*)
 *(.rel.gnu.linkonce.d*)

.rela.data
 *(.rela.data)
 *(.rela.data.*)
 *(.rela.gnu.linkonce.d*)

.rel.ctors
 *(.rel.ctors)

.rela.ctors
 *(.rela.ctors)

.rel.dtors
 *(.rel.dtors)

.rela.dtors
 *(.rela.dtors)

.rel.got
 *(.rel.got)

.rela.got
 *(.rela.got)

.rel.bss
 *(.rel.bss)

.rela.bss
 *(.rela.bss)

.rel.plt
 *(.rel.plt)

.rela.plt
 *(.rela.plt)

.text           0x00000000     0x1144
 *(.vectors)
 .vectors       0x00000000       0x54 a:/imt_sdk_win_64/imt_sdk_win_64/winavr/bin/../lib/gcc/avr/4.3.3/../../../../avr/lib/avr5/crtm32.o
                0x00000000                __vectors
                0x00000000                __vector_default
 *(.vectors)
 *(.progmem.gcc*)
 *(.progmem*)
                0x00000054                . = ALIGN (0x2)
                0x00000054                __trampolines_start = .
 *(.trampolines)
 .trampolines   0x00000054        0x0 linker stubs
 *(.trampolines*)
                0x00000054                __trampolines_end = .
 *(.jumptables)
 *(.jumptables*)
 *(.lowtext)
 *(.lowtext*)
                0x00000054                __ctors_start = .
 *(.ctors)
                0x00000054                __ctors_end = .
                0x00000054                __dtors_start = .
 *(.dtors)
                0x00000054                __dtors_end = .
 SORT(*)(.ctors)
 SORT(*)(.dtors)
 *(.init0)
 .init0         0x00000054        0x0 a:/imt_sdk_win_64/imt_sdk_win_64/winavr/bin/../lib/gcc/avr/4.3.3/../../../../avr/lib/avr5/crtm32.o
                0x00000054                __init
 *(.init0)
 *(.init1)
 *(.init1)
 *(.init2)
 .init2         0x00000054        0xc a:/imt_sdk_win_64/imt_sdk_win_64/winavr/bin/../lib/gcc/avr/4.3.3/../../../../avr/lib/avr5/crtm32.o
 *(.init2)
 *(.init3)
 *(.init3)
 *(.init4)
 .init4         0x00000060       0x16 a:/imt_sdk_win_64/imt_sdk_win_64/winavr/bin/../lib/gcc/avr/4.3.3/avr5\libgcc.a(_copy_data.o)
                0x00000060                __do_copy_data
 .init4         0x00000076       0x10 a:/imt_sdk_win_64/imt_sdk_win_64/winavr/bin/../lib/gcc/avr/4.3.3/avr5\libgcc.a(_clear_bss.o)
                0x00000076                __do_clear_bss
 *(.init4)
 *(.init5)
 *(.init5)
 *(.init6)
 *(.init6)
 *(.init7)
 *(.init7)
 *(.init8)
 *(.init8)
 *(.init9)
 .init9         0x00000086        0x8 a:/imt_sdk_win_64/imt_sdk_win_64/winavr/bin/../lib/gcc/avr/4.3.3/../../../../avr/lib/avr5/crtm32.o
 *(.init9)
 *(.text)
 .text          0x0000008e        0x4 a:/imt_sdk_win_64/imt_sdk_win_64/winavr/bin/../lib/gcc/avr/4.3.3/../../../../avr/lib/avr5/crtm32.o
                0x0000008e                __vector_1
                0x0000008e                __vector_12
                0x0000008e                __bad_interrupt
                0x0000008e                __vector_6
                0x0000008e                __vector_3
                0x0000008e                __vector_11
                0x0000008e                __vector_13
                0x0000008e                __vector_17
                0x0000008e                __vector_19
                0x0000008e                __vector_7
                0x0000008e                __vector_5
                0x0000008e                __vector_4
                0x0000008e                __vector_9
                0x0000008e                __vector_2
                0x0000008e                __vector_15
                0x0000008e                __vector_8
                0x0000008e                __vector_14
                0x0000008e                __vector_10
                0x0000008e                __vector_16
                0x0000008e                __vector_18
                0x0000008e                __vector_20
 .text          0x00000092        0x0 ./Mcal/UART/uart.o
 .text          0x00000092        0x0 ./Mcal/DIO/DIO.o
 .text          0x00000092        0x0 ./Firmware/LED/led.o
 .text          0x00000092        0x0 ./App/TrafficLight/TrafficLight.o
 .text          0x00000092        0x0 ./main.o
 .text          0x00000092        0x0 a:/imt_sdk_win_64/imt_sdk_win_64/winavr/bin/../lib/gcc/avr/4.3.3/avr5\libgcc.a(_exit.o)
 .text          0x00000092        0x0 a:/imt_sdk_win_64/imt_sdk_win_64/winavr/bin/../lib/gcc/avr/4.3.3/avr5\libgcc.a(_copy_data.o)
 .text          0x00000092        0x0 a:/imt_sdk_win_64/imt_sdk_win_64/winavr/bin/../lib/gcc/avr/4.3.3/avr5\libgcc.a(_clear_bss.o)
                0x00000092                . = ALIGN (0x2)
 *(.text.*)
 .text.UART_Init
                0x00000092       0x64 ./Mcal/UART/uart.o
                0x00000092                UART_Init
 .text.UART_TransmitChar
                0x000000f6       0x3a ./Mcal/UART/uart.o
                0x000000f6                UART_TransmitChar
 .text.UART_TransmitString
                0x00000130       0x72 ./Mcal/UART/uart.o
                0x00000130                UART_TransmitString
 .text.UART_ReceiveChar
                0x000001a2       0x36 ./Mcal/UART/uart.o
                0x000001a2                UART_ReceiveChar
 .text.UART_ReceiveString
                0x000001d8       0xb8 ./Mcal/UART/uart.o
                0x000001d8                UART_ReceiveString
 .text.UART_EnableInterrupt
                0x00000290       0x7e ./Mcal/UART/uart.o
                0x00000290                UART_EnableInterrupt
 .text.UART_DisableInterrupt
                0x0000030e       0x7e ./Mcal/UART/uart.o
                0x0000030e                UART_DisableInterrupt
 .text.DIO_setPortDirection
                0x0000038c       0x96 ./Mcal/DIO/DIO.o
                0x0000038c                DIO_setPortDirection
 .text.DIO_SetPinDirection
                0x00000422      0x222 ./Mcal/DIO/DIO.o
                0x00000422                DIO_SetPinDirection
 .text.DIO_writePort
                0x00000644       0x96 ./Mcal/DIO/DIO.o
                0x00000644                DIO_writePort
 .text.DIO_WritePin
                0x000006da      0x222 ./Mcal/DIO/DIO.o
                0x000006da                DIO_WritePin
 .text.DIO_ReadPort
                0x000008fc       0xaa ./Mcal/DIO/DIO.o
                0x000008fc                DIO_ReadPort
 .text.DIO_ReadPin
                0x000009a6      0x128 ./Mcal/DIO/DIO.o
                0x000009a6                DIO_ReadPin
 .text.DIO_TogglePin
                0x00000ace      0x118 ./Mcal/DIO/DIO.o
                0x00000ace                DIO_TogglePin
 .text.DIO_EnablePinPullup
                0x00000be6      0x1d2 ./Mcal/DIO/DIO.o
                0x00000be6                DIO_EnablePinPullup
 .text.LED_Init
                0x00000db8       0x2e ./Firmware/LED/led.o
                0x00000db8                LED_Init
 .text.LED_On   0x00000de6       0x66 ./Firmware/LED/led.o
                0x00000de6                LED_On
 .text.LED_Off  0x00000e4c       0x66 ./Firmware/LED/led.o
                0x00000e4c                LED_Off
 .text.LED_Toggle
                0x00000eb2       0x60 ./Firmware/LED/led.o
                0x00000eb2                LED_Toggle
 .text.LED_Status
                0x00000f12       0x7c ./Firmware/LED/led.o
                0x00000f12                LED_Status
 .text.StringCmpr
                0x00000f8e       0x90 ./App/TrafficLight/TrafficLight.o
 .text.TrafficLightInit
                0x0000101e       0x20 ./App/TrafficLight/TrafficLight.o
                0x0000101e                TrafficLightInit
 .text.TrafficLightUpdate
                0x0000103e       0xf0 ./App/TrafficLight/TrafficLight.o
                0x0000103e                TrafficLightUpdate
 .text.main     0x0000112e       0x12 ./main.o
                0x0000112e                main
 .text.libgcc   0x00001140        0x0 a:/imt_sdk_win_64/imt_sdk_win_64/winavr/bin/../lib/gcc/avr/4.3.3/avr5\libgcc.a(_exit.o)
 .text.libgcc   0x00001140        0x0 a:/imt_sdk_win_64/imt_sdk_win_64/winavr/bin/../lib/gcc/avr/4.3.3/avr5\libgcc.a(_copy_data.o)
 .text.libgcc   0x00001140        0x0 a:/imt_sdk_win_64/imt_sdk_win_64/winavr/bin/../lib/gcc/avr/4.3.3/avr5\libgcc.a(_clear_bss.o)
                0x00001140                . = ALIGN (0x2)
 *(.fini9)
 .fini9         0x00001140        0x0 a:/imt_sdk_win_64/imt_sdk_win_64/winavr/bin/../lib/gcc/avr/4.3.3/avr5\libgcc.a(_exit.o)
                0x00001140                exit
                0x00001140                _exit
 *(.fini9)
 *(.fini8)
 *(.fini8)
 *(.fini7)
 *(.fini7)
 *(.fini6)
 *(.fini6)
 *(.fini5)
 *(.fini5)
 *(.fini4)
 *(.fini4)
 *(.fini3)
 *(.fini3)
 *(.fini2)
 *(.fini2)
 *(.fini1)
 *(.fini1)
 *(.fini0)
 .fini0         0x00001140        0x4 a:/imt_sdk_win_64/imt_sdk_win_64/winavr/bin/../lib/gcc/avr/4.3.3/avr5\libgcc.a(_exit.o)
 *(.fini0)
                0x00001144                _etext = .

.data           0x00800060       0x64 load address 0x00001144
                0x00800060                PROVIDE (__data_start, .)
 *(.data)
 .data          0x00800060        0x0 a:/imt_sdk_win_64/imt_sdk_win_64/winavr/bin/../lib/gcc/avr/4.3.3/../../../../avr/lib/avr5/crtm32.o
 .data          0x00800060        0x0 ./Mcal/UART/uart.o
 .data          0x00800060        0x0 ./Mcal/DIO/DIO.o
 .data          0x00800060        0x0 ./Firmware/LED/led.o
 .data          0x00800060        0x0 ./App/TrafficLight/TrafficLight.o
 .data          0x00800060        0x0 ./main.o
 .data          0x00800060        0x0 a:/imt_sdk_win_64/imt_sdk_win_64/winavr/bin/../lib/gcc/avr/4.3.3/avr5\libgcc.a(_exit.o)
 .data          0x00800060        0x0 a:/imt_sdk_win_64/imt_sdk_win_64/winavr/bin/../lib/gcc/avr/4.3.3/avr5\libgcc.a(_copy_data.o)
 .data          0x00800060        0x0 a:/imt_sdk_win_64/imt_sdk_win_64/winavr/bin/../lib/gcc/avr/4.3.3/avr5\libgcc.a(_clear_bss.o)
 *(.data*)
 .data.gu8_Start
                0x00800060        0x6 ./App/TrafficLight/TrafficLight.o
 .data.gu8_StartReply
                0x00800066       0x11 ./App/TrafficLight/TrafficLight.o
 .data.gu8_Wait
                0x00800077        0x5 ./App/TrafficLight/TrafficLight.o
 .data.gu8_WaitReply
                0x0080007c       0x12 ./App/TrafficLight/TrafficLight.o
 .data.gu8_Stop
                0x0080008e        0x5 ./App/TrafficLight/TrafficLight.o
 .data.gu8_StopReply
                0x00800093        0xf ./App/TrafficLight/TrafficLight.o
 .data.gu8_ErrorReply
                0x008000a2       0x10 ./App/TrafficLight/TrafficLight.o
 .data.gu8_SystemCheck
                0x008000b2        0x3 ./App/TrafficLight/TrafficLight.o
 .data.gu8_CheckReply
                0x008000b5        0xe ./App/TrafficLight/TrafficLight.o
 *(.rodata)
 *(.rodata*)
 *(.gnu.linkonce.d*)
                0x008000c4                . = ALIGN (0x2)
 *fill*         0x008000c3        0x1 00
                0x008000c4                _edata = .
                0x008000c4                PROVIDE (__data_end, .)

.bss            0x008000c4       0x6a
                0x008000c4                PROVIDE (__bss_start, .)
 *(.bss)
 .bss           0x008000c4        0x0 a:/imt_sdk_win_64/imt_sdk_win_64/winavr/bin/../lib/gcc/avr/4.3.3/../../../../avr/lib/avr5/crtm32.o
 .bss           0x008000c4        0x0 ./Mcal/UART/uart.o
 .bss           0x008000c4        0x0 ./Mcal/DIO/DIO.o
 .bss           0x008000c4        0x0 ./Firmware/LED/led.o
 .bss           0x008000c4        0x0 ./App/TrafficLight/TrafficLight.o
 .bss           0x008000c4        0x0 ./main.o
 .bss           0x008000c4        0x0 a:/imt_sdk_win_64/imt_sdk_win_64/winavr/bin/../lib/gcc/avr/4.3.3/avr5\libgcc.a(_exit.o)
 .bss           0x008000c4        0x0 a:/imt_sdk_win_64/imt_sdk_win_64/winavr/bin/../lib/gcc/avr/4.3.3/avr5\libgcc.a(_copy_data.o)
 .bss           0x008000c4        0x0 a:/imt_sdk_win_64/imt_sdk_win_64/winavr/bin/../lib/gcc/avr/4.3.3/avr5\libgcc.a(_clear_bss.o)
 *(.bss*)
 *(COMMON)
 COMMON         0x008000c4        0x6 ./Mcal/UART/uart.o
                0x008000c4                Gptr_uartRxInt
                0x008000c6                Gptr_uartTxInt
                0x008000c8                Gptr_uartDataEmptyRegInt
 COMMON         0x008000ca       0x64 ./App/TrafficLight/TrafficLight.o
                0x008000ca                gu8_ReceiverBuffer
                0x0080012e                PROVIDE (__bss_end, .)
                0x00001144                __data_load_start = LOADADDR (.data)
                0x000011a8                __data_load_end = (__data_load_start + SIZEOF (.data))

.noinit         0x0080012e        0x0
                0x0080012e                PROVIDE (__noinit_start, .)
 *(.noinit*)
                0x0080012e                PROVIDE (__noinit_end, .)
                0x0080012e                _end = .
                0x0080012e                PROVIDE (__heap_start, .)

.eeprom         0x00810000        0x0
 *(.eeprom*)
                0x00810000                __eeprom_end = .

.fuse
 *(.fuse)
 *(.lfuse)
 *(.hfuse)
 *(.efuse)

.lock
 *(.lock*)

.signature
 *(.signature*)

.stab           0x00000000     0x189c
 *(.stab)
 .stab          0x00000000      0x600 ./Mcal/UART/uart.o
 .stab          0x00000600      0x834 ./Mcal/DIO/DIO.o
                                0x840 (size before relaxing)
 .stab          0x00000e34      0x420 ./Firmware/LED/led.o
                                0x42c (size before relaxing)
 .stab          0x00001254      0x504 ./App/TrafficLight/TrafficLight.o
                                0x510 (size before relaxing)
 .stab          0x00001758      0x144 ./main.o
                                0x27c (size before relaxing)

.stabstr        0x00000000      0xe3b
 *(.stabstr)
 .stabstr       0x00000000      0xe3b ./Mcal/UART/uart.o

.stab.excl
 *(.stab.excl)

.stab.exclstr
 *(.stab.exclstr)

.stab.index
 *(.stab.index)

.stab.indexstr
 *(.stab.indexstr)

.comment
 *(.comment)

.debug
 *(.debug)

.line
 *(.line)

.debug_srcinfo
 *(.debug_srcinfo)

.debug_sfnames
 *(.debug_sfnames)

.debug_aranges
 *(.debug_aranges)

.debug_pubnames
 *(.debug_pubnames)

.debug_info
 *(.debug_info)
 *(.gnu.linkonce.wi.*)

.debug_abbrev
 *(.debug_abbrev)

.debug_line
 *(.debug_line)

.debug_frame
 *(.debug_frame)

.debug_str
 *(.debug_str)

.debug_loc
 *(.debug_loc)

.debug_macinfo
 *(.debug_macinfo)
OUTPUT(S_UART.elf elf32-avr)
LOAD linker stubs
