Archive member included because of file (symbol)

a:/imt_sdk_win_64/imt_sdk_win_64/winavr/bin/../lib/gcc/avr/4.3.3/avr5\libgcc.a(_exit.o)
                              a:/imt_sdk_win_64/imt_sdk_win_64/winavr/bin/../lib/gcc/avr/4.3.3/../../../../avr/lib/avr5/crtm16.o (exit)
a:/imt_sdk_win_64/imt_sdk_win_64/winavr/bin/../lib/gcc/avr/4.3.3/avr5\libgcc.a(_copy_data.o)
                              ./App/INTERFACE_MCU_WITH_EEPROM/interface_mcu_with_eeprom.o (__do_copy_data)
a:/imt_sdk_win_64/imt_sdk_win_64/winavr/bin/../lib/gcc/avr/4.3.3/avr5\libgcc.a(_clear_bss.o)
                              ./Mcal/UART/uart.o (__do_clear_bss)

Allocating common symbols
Common symbol       size              file

Gptr_uartRxInt      0x2               ./Mcal/UART/uart.o
Gptr_uartTxInt      0x2               ./Mcal/UART/uart.o
G_SPI_CALLBACK      0x2               ./Mcal/SPI/spi.o
G_TWI_CALLBACK      0x2               ./Mcal/TWI/twi.o
Gptr_uartDataEmptyRegInt
                    0x2               ./Mcal/UART/uart.o

Memory Configuration

Name             Origin             Length             Attributes
text             0x00000000         0x00020000         xr
data             0x00800060         0x0000ffa0         rw !x
eeprom           0x00810000         0x00010000         rw !x
fuse             0x00820000         0x00000400         rw !x
lock             0x00830000         0x00000400         rw !x
signature        0x00840000         0x00000400         rw !x
*default*        0x00000000         0xffffffff

Linker script and memory map

LOAD a:/imt_sdk_win_64/imt_sdk_win_64/winavr/bin/../lib/gcc/avr/4.3.3/../../../../avr/lib/avr5/crtm16.o
LOAD ./Mcal/UART/uart.o
LOAD ./Mcal/TWI/twi.o
LOAD ./Mcal/SPI/spi.o
LOAD ./Mcal/GLOBAL_INTERRUPT/globalInterrupt.o
LOAD ./Mcal/EXTERNAL_INTERRUPT/externalInterrupt.o
LOAD ./Mcal/DIO/DIO.o
LOAD ./Firmware/EEPROM/eeprom.o
LOAD ./App/INTERFACE_MCU_WITH_EEPROM/interface_mcu_with_eeprom.o
LOAD ./main.o
LOAD a:/imt_sdk_win_64/imt_sdk_win_64/winavr/bin/../lib/gcc/avr/4.3.3/avr5\libgcc.a
LOAD a:/imt_sdk_win_64/imt_sdk_win_64/winavr/bin/../lib/gcc/avr/4.3.3/../../../../avr/lib/avr5\libc.a
LOAD a:/imt_sdk_win_64/imt_sdk_win_64/winavr/bin/../lib/gcc/avr/4.3.3/avr5\libgcc.a

.hash
 *(.hash)

.dynsym
 *(.dynsym)

.dynstr
 *(.dynstr)

.gnu.version
 *(.gnu.version)

.gnu.version_d
 *(.gnu.version_d)

.gnu.version_r
 *(.gnu.version_r)

.rel.init
 *(.rel.init)

.rela.init
 *(.rela.init)

.rel.text
 *(.rel.text)
 *(.rel.text.*)
 *(.rel.gnu.linkonce.t*)

.rela.text
 *(.rela.text)
 *(.rela.text.*)
 *(.rela.gnu.linkonce.t*)

.rel.fini
 *(.rel.fini)

.rela.fini
 *(.rela.fini)

.rel.rodata
 *(.rel.rodata)
 *(.rel.rodata.*)
 *(.rel.gnu.linkonce.r*)

.rela.rodata
 *(.rela.rodata)
 *(.rela.rodata.*)
 *(.rela.gnu.linkonce.r*)

.rel.data
 *(.rel.data)
 *(.rel.data.*)
 *(.rel.gnu.linkonce.d*)

.rela.data
 *(.rela.data)
 *(.rela.data.*)
 *(.rela.gnu.linkonce.d*)

.rel.ctors
 *(.rel.ctors)

.rela.ctors
 *(.rela.ctors)

.rel.dtors
 *(.rel.dtors)

.rela.dtors
 *(.rela.dtors)

.rel.got
 *(.rel.got)

.rela.got
 *(.rela.got)

.rel.bss
 *(.rel.bss)

.rela.bss
 *(.rela.bss)

.rel.plt
 *(.rel.plt)

.rela.plt
 *(.rela.plt)

.text           0x00000000     0x1b6c
 *(.vectors)
 .vectors       0x00000000       0x54 a:/imt_sdk_win_64/imt_sdk_win_64/winavr/bin/../lib/gcc/avr/4.3.3/../../../../avr/lib/avr5/crtm16.o
                0x00000000                __vectors
                0x00000000                __vector_default
 *(.vectors)
 *(.progmem.gcc*)
 *(.progmem*)
                0x00000054                . = ALIGN (0x2)
                0x00000054                __trampolines_start = .
 *(.trampolines)
 .trampolines   0x00000054        0x0 linker stubs
 *(.trampolines*)
                0x00000054                __trampolines_end = .
 *(.jumptables)
 *(.jumptables*)
 *(.lowtext)
 *(.lowtext*)
                0x00000054                __ctors_start = .
 *(.ctors)
                0x00000054                __ctors_end = .
                0x00000054                __dtors_start = .
 *(.dtors)
                0x00000054                __dtors_end = .
 SORT(*)(.ctors)
 SORT(*)(.dtors)
 *(.init0)
 .init0         0x00000054        0x0 a:/imt_sdk_win_64/imt_sdk_win_64/winavr/bin/../lib/gcc/avr/4.3.3/../../../../avr/lib/avr5/crtm16.o
                0x00000054                __init
 *(.init0)
 *(.init1)
 *(.init1)
 *(.init2)
 .init2         0x00000054        0xc a:/imt_sdk_win_64/imt_sdk_win_64/winavr/bin/../lib/gcc/avr/4.3.3/../../../../avr/lib/avr5/crtm16.o
 *(.init2)
 *(.init3)
 *(.init3)
 *(.init4)
 .init4         0x00000060       0x16 a:/imt_sdk_win_64/imt_sdk_win_64/winavr/bin/../lib/gcc/avr/4.3.3/avr5\libgcc.a(_copy_data.o)
                0x00000060                __do_copy_data
 .init4         0x00000076       0x10 a:/imt_sdk_win_64/imt_sdk_win_64/winavr/bin/../lib/gcc/avr/4.3.3/avr5\libgcc.a(_clear_bss.o)
                0x00000076                __do_clear_bss
 *(.init4)
 *(.init5)
 *(.init5)
 *(.init6)
 *(.init6)
 *(.init7)
 *(.init7)
 *(.init8)
 *(.init8)
 *(.init9)
 .init9         0x00000086        0x8 a:/imt_sdk_win_64/imt_sdk_win_64/winavr/bin/../lib/gcc/avr/4.3.3/../../../../avr/lib/avr5/crtm16.o
 *(.init9)
 *(.text)
 .text          0x0000008e        0x4 a:/imt_sdk_win_64/imt_sdk_win_64/winavr/bin/../lib/gcc/avr/4.3.3/../../../../avr/lib/avr5/crtm16.o
                0x0000008e                __bad_interrupt
                0x0000008e                __vector_6
                0x0000008e                __vector_3
                0x0000008e                __vector_11
                0x0000008e                __vector_13
                0x0000008e                __vector_17
                0x0000008e                __vector_7
                0x0000008e                __vector_5
                0x0000008e                __vector_4
                0x0000008e                __vector_9
                0x0000008e                __vector_15
                0x0000008e                __vector_8
                0x0000008e                __vector_14
                0x0000008e                __vector_10
                0x0000008e                __vector_16
                0x0000008e                __vector_18
                0x0000008e                __vector_20
 .text          0x00000092        0x0 ./Mcal/UART/uart.o
 .text          0x00000092        0x0 ./Mcal/TWI/twi.o
 .text          0x00000092        0x0 ./Mcal/SPI/spi.o
 .text          0x00000092        0x0 ./Mcal/GLOBAL_INTERRUPT/globalInterrupt.o
 .text          0x00000092        0x0 ./Mcal/EXTERNAL_INTERRUPT/externalInterrupt.o
 .text          0x00000092        0x0 ./Mcal/DIO/DIO.o
 .text          0x00000092        0x0 ./Firmware/EEPROM/eeprom.o
 .text          0x00000092        0x0 ./App/INTERFACE_MCU_WITH_EEPROM/interface_mcu_with_eeprom.o
 .text          0x00000092        0x0 ./main.o
 .text          0x00000092        0x0 a:/imt_sdk_win_64/imt_sdk_win_64/winavr/bin/../lib/gcc/avr/4.3.3/avr5\libgcc.a(_exit.o)
 .text          0x00000092        0x0 a:/imt_sdk_win_64/imt_sdk_win_64/winavr/bin/../lib/gcc/avr/4.3.3/avr5\libgcc.a(_copy_data.o)
 .text          0x00000092        0x0 a:/imt_sdk_win_64/imt_sdk_win_64/winavr/bin/../lib/gcc/avr/4.3.3/avr5\libgcc.a(_clear_bss.o)
                0x00000092                . = ALIGN (0x2)
 *(.text.*)
 .text.UART_Init
                0x00000092       0x64 ./Mcal/UART/uart.o
                0x00000092                UART_Init
 .text.UART_TransmitChar
                0x000000f6       0x3a ./Mcal/UART/uart.o
                0x000000f6                UART_TransmitChar
 .text.UART_TransmitString
                0x00000130       0x92 ./Mcal/UART/uart.o
                0x00000130                UART_TransmitString
 .text.UART_ReceiveChar
                0x000001c2       0x36 ./Mcal/UART/uart.o
                0x000001c2                UART_ReceiveChar
 .text.UART_ReceiveString
                0x000001f8       0xc8 ./Mcal/UART/uart.o
                0x000001f8                UART_ReceiveString
 .text.UART_EnableInterrupt
                0x000002c0       0x7e ./Mcal/UART/uart.o
                0x000002c0                UART_EnableInterrupt
 .text.UART_DisableInterrupt
                0x0000033e       0x7e ./Mcal/UART/uart.o
                0x0000033e                UART_DisableInterrupt
 .text.TWI_SetSlaveAddress
                0x000003bc       0x1e ./Mcal/TWI/twi.o
                0x000003bc                TWI_SetSlaveAddress
 .text.TWI_Init
                0x000003da       0x4e ./Mcal/TWI/twi.o
                0x000003da                TWI_Init
 .text.TWI_SendStartCondition
                0x00000428       0x4e ./Mcal/TWI/twi.o
                0x00000428                TWI_SendStartCondition
 .text.TWI_SendStopCondition
                0x00000476       0x1e ./Mcal/TWI/twi.o
                0x00000476                TWI_SendStopCondition
 .text.TWI_SendSLAWrite
                0x00000494       0x62 ./Mcal/TWI/twi.o
                0x00000494                TWI_SendSLAWrite
 .text.TWI_SendSLARead
                0x000004f6       0x6a ./Mcal/TWI/twi.o
                0x000004f6                TWI_SendSLARead
 .text.TWI_SendData
                0x00000560       0x60 ./Mcal/TWI/twi.o
                0x00000560                TWI_SendData
 .text.TWI_SendChar
                0x000005c0       0x3c ./Mcal/TWI/twi.o
                0x000005c0                TWI_SendChar
 .text.TWI_RecDataAck
                0x000005fc       0x7e ./Mcal/TWI/twi.o
                0x000005fc                TWI_RecDataAck
 .text.TWI_RecChar
                0x0000067a       0x44 ./Mcal/TWI/twi.o
                0x0000067a                TWI_RecChar
 .text.TWI_EnableInterrupt
                0x000006be       0x24 ./Mcal/TWI/twi.o
                0x000006be                TWI_EnableInterrupt
 .text.TWI_DisableInterrupt
                0x000006e2       0x24 ./Mcal/TWI/twi.o
                0x000006e2                TWI_DisableInterrupt
 .text.TWI_SlaOperDetermination
                0x00000706       0x2e ./Mcal/TWI/twi.o
                0x00000706                TWI_SlaOperDetermination
 .text.TWI_SetCallback
                0x00000734       0x2c ./Mcal/TWI/twi.o
                0x00000734                TWI_SetCallback
 .text.__vector_19
                0x00000760       0x5a ./Mcal/TWI/twi.o
                0x00000760                __vector_19
 .text.SPI_Init
                0x000007ba       0x5a ./Mcal/SPI/spi.o
                0x000007ba                SPI_Init
 .text.SPI_TransmitChar
                0x00000814       0x32 ./Mcal/SPI/spi.o
                0x00000814                SPI_TransmitChar
 .text.SPI_TransmitString
                0x00000846       0x70 ./Mcal/SPI/spi.o
                0x00000846                SPI_TransmitString
 .text.SPI_ReceiveChar
                0x000008b6       0x3a ./Mcal/SPI/spi.o
                0x000008b6                SPI_ReceiveChar
 .text.SPI_ReceiveString
                0x000008f0       0x70 ./Mcal/SPI/spi.o
                0x000008f0                SPI_ReceiveString
 .text.SPI_EnableInterrupt
                0x00000960       0x24 ./Mcal/SPI/spi.o
                0x00000960                SPI_EnableInterrupt
 .text.SPI_DisableInterrupt
                0x00000984       0x24 ./Mcal/SPI/spi.o
                0x00000984                SPI_DisableInterrupt
 .text.SPI_SetCallback
                0x000009a8       0x2c ./Mcal/SPI/spi.o
                0x000009a8                SPI_SetCallback
 .text.__vector_12
                0x000009d4       0x5a ./Mcal/SPI/spi.o
                0x000009d4                __vector_12
 .text.GI_EnableGI
                0x00000a2e       0x1c ./Mcal/GLOBAL_INTERRUPT/globalInterrupt.o
                0x00000a2e                GI_EnableGI
 .text.GI_DisableGI
                0x00000a4a       0x1c ./Mcal/GLOBAL_INTERRUPT/globalInterrupt.o
                0x00000a4a                GI_DisableGI
 .text.EX_vdDisable
                0x00000a66       0x74 ./Mcal/EXTERNAL_INTERRUPT/externalInterrupt.o
                0x00000a66                EX_vdDisable
 .text.EX_vdConfigInterrupt
                0x00000ada      0x238 ./Mcal/EXTERNAL_INTERRUPT/externalInterrupt.o
                0x00000ada                EX_vdConfigInterrupt
 .text.__vector_1
                0x00000d12       0x20 ./Mcal/EXTERNAL_INTERRUPT/externalInterrupt.o
                0x00000d12                __vector_1
 .text.__vector_2
                0x00000d32       0x20 ./Mcal/EXTERNAL_INTERRUPT/externalInterrupt.o
                0x00000d32                __vector_2
 .text.DIO_SetPortDirection
                0x00000d52       0x96 ./Mcal/DIO/DIO.o
                0x00000d52                DIO_SetPortDirection
 .text.DIO_SetPinDirection
                0x00000de8      0x222 ./Mcal/DIO/DIO.o
                0x00000de8                DIO_SetPinDirection
 .text.DIO_writePort
                0x0000100a       0x96 ./Mcal/DIO/DIO.o
                0x0000100a                DIO_writePort
 .text.DIO_WritePin
                0x000010a0      0x222 ./Mcal/DIO/DIO.o
                0x000010a0                DIO_WritePin
 .text.DIO_ReadPort
                0x000012c2       0xaa ./Mcal/DIO/DIO.o
                0x000012c2                DIO_ReadPort
 .text.DIO_ReadPin
                0x0000136c      0x128 ./Mcal/DIO/DIO.o
                0x0000136c                DIO_ReadPin
 .text.DIO_TogglePin
                0x00001494      0x118 ./Mcal/DIO/DIO.o
                0x00001494                DIO_TogglePin
 .text.DIO_EnablePinPullup
                0x000015ac      0x1d2 ./Mcal/DIO/DIO.o
                0x000015ac                DIO_EnablePinPullup
 .text.EEPROM_Read
                0x0000177e       0x5a ./Firmware/EEPROM/eeprom.o
                0x0000177e                EEPROM_Read
 .text.EEPROM_Write
                0x000017d8       0x44 ./Firmware/EEPROM/eeprom.o
                0x000017d8                EEPROM_Write
 .text.StringCmpr
                0x0000181c       0x90 ./App/INTERFACE_MCU_WITH_EEPROM/interface_mcu_with_eeprom.o
 .text.ConvertCh_Dec
                0x000018ac      0x11e ./App/INTERFACE_MCU_WITH_EEPROM/interface_mcu_with_eeprom.o
 .text.App_Init
                0x000019ca       0x22 ./App/INTERFACE_MCU_WITH_EEPROM/interface_mcu_with_eeprom.o
                0x000019ca                App_Init
 .text.App_Update
                0x000019ec      0x16a ./App/INTERFACE_MCU_WITH_EEPROM/interface_mcu_with_eeprom.o
                0x000019ec                App_Update
 .text.main     0x00001b56       0x12 ./main.o
                0x00001b56                main
 .text.libgcc   0x00001b68        0x0 a:/imt_sdk_win_64/imt_sdk_win_64/winavr/bin/../lib/gcc/avr/4.3.3/avr5\libgcc.a(_exit.o)
 .text.libgcc   0x00001b68        0x0 a:/imt_sdk_win_64/imt_sdk_win_64/winavr/bin/../lib/gcc/avr/4.3.3/avr5\libgcc.a(_copy_data.o)
 .text.libgcc   0x00001b68        0x0 a:/imt_sdk_win_64/imt_sdk_win_64/winavr/bin/../lib/gcc/avr/4.3.3/avr5\libgcc.a(_clear_bss.o)
                0x00001b68                . = ALIGN (0x2)
 *(.fini9)
 .fini9         0x00001b68        0x0 a:/imt_sdk_win_64/imt_sdk_win_64/winavr/bin/../lib/gcc/avr/4.3.3/avr5\libgcc.a(_exit.o)
                0x00001b68                exit
                0x00001b68                _exit
 *(.fini9)
 *(.fini8)
 *(.fini8)
 *(.fini7)
 *(.fini7)
 *(.fini6)
 *(.fini6)
 *(.fini5)
 *(.fini5)
 *(.fini4)
 *(.fini4)
 *(.fini3)
 *(.fini3)
 *(.fini2)
 *(.fini2)
 *(.fini1)
 *(.fini1)
 *(.fini0)
 .fini0         0x00001b68        0x4 a:/imt_sdk_win_64/imt_sdk_win_64/winavr/bin/../lib/gcc/avr/4.3.3/avr5\libgcc.a(_exit.o)
 *(.fini0)
                0x00001b6c                _etext = .

.data           0x00800060       0x66 load address 0x00001b6c
                0x00800060                PROVIDE (__data_start, .)
 *(.data)
 .data          0x00800060        0x0 a:/imt_sdk_win_64/imt_sdk_win_64/winavr/bin/../lib/gcc/avr/4.3.3/../../../../avr/lib/avr5/crtm16.o
 .data          0x00800060        0x0 ./Mcal/UART/uart.o
 .data          0x00800060        0x0 ./Mcal/TWI/twi.o
 .data          0x00800060        0x0 ./Mcal/SPI/spi.o
 .data          0x00800060        0x0 ./Mcal/GLOBAL_INTERRUPT/globalInterrupt.o
 .data          0x00800060        0x0 ./Mcal/EXTERNAL_INTERRUPT/externalInterrupt.o
 .data          0x00800060        0x0 ./Mcal/DIO/DIO.o
 .data          0x00800060        0x0 ./Firmware/EEPROM/eeprom.o
 .data          0x00800060        0x0 ./App/INTERFACE_MCU_WITH_EEPROM/interface_mcu_with_eeprom.o
 .data          0x00800060        0x0 ./main.o
 .data          0x00800060        0x0 a:/imt_sdk_win_64/imt_sdk_win_64/winavr/bin/../lib/gcc/avr/4.3.3/avr5\libgcc.a(_exit.o)
 .data          0x00800060        0x0 a:/imt_sdk_win_64/imt_sdk_win_64/winavr/bin/../lib/gcc/avr/4.3.3/avr5\libgcc.a(_copy_data.o)
 .data          0x00800060        0x0 a:/imt_sdk_win_64/imt_sdk_win_64/winavr/bin/../lib/gcc/avr/4.3.3/avr5\libgcc.a(_clear_bss.o)
 *(.data*)
 .data.gu8_OkMsg
                0x00800060        0x3 ./App/INTERFACE_MCU_WITH_EEPROM/interface_mcu_with_eeprom.o
 .data.gu8_ErrorMsg
                0x00800063        0x7 ./App/INTERFACE_MCU_WITH_EEPROM/interface_mcu_with_eeprom.o
 .data.gu8_WriteMsg
                0x0080006a        0x6 ./App/INTERFACE_MCU_WITH_EEPROM/interface_mcu_with_eeprom.o
 .data.gu8_ReadMsg
                0x00800070        0x5 ./App/INTERFACE_MCU_WITH_EEPROM/interface_mcu_with_eeprom.o
 .data.gu8_EnterTheData
                0x00800075        0xf ./App/INTERFACE_MCU_WITH_EEPROM/interface_mcu_with_eeprom.o
 .data.gu8_EnterTheADDR
                0x00800084       0x12 ./App/INTERFACE_MCU_WITH_EEPROM/interface_mcu_with_eeprom.o
 .data.gu8_EnterTheAddrAga
                0x00800096       0x18 ./App/INTERFACE_MCU_WITH_EEPROM/interface_mcu_with_eeprom.o
 .data.gu8_Empty
                0x008000ae       0x17 ./App/INTERFACE_MCU_WITH_EEPROM/interface_mcu_with_eeprom.o
 *(.rodata)
 *(.rodata*)
 *(.gnu.linkonce.d*)
                0x008000c6                . = ALIGN (0x2)
 *fill*         0x008000c5        0x1 00
                0x008000c6                _edata = .
                0x008000c6                PROVIDE (__data_end, .)

.bss            0x008000c6       0x79
                0x008000c6                PROVIDE (__bss_start, .)
 *(.bss)
 .bss           0x008000c6        0x0 a:/imt_sdk_win_64/imt_sdk_win_64/winavr/bin/../lib/gcc/avr/4.3.3/../../../../avr/lib/avr5/crtm16.o
 .bss           0x008000c6        0x0 ./Mcal/UART/uart.o
 .bss           0x008000c6        0x0 ./Mcal/TWI/twi.o
 .bss           0x008000c6        0x0 ./Mcal/SPI/spi.o
 .bss           0x008000c6        0x0 ./Mcal/GLOBAL_INTERRUPT/globalInterrupt.o
 .bss           0x008000c6        0x0 ./Mcal/EXTERNAL_INTERRUPT/externalInterrupt.o
 .bss           0x008000c6        0x0 ./Mcal/DIO/DIO.o
 .bss           0x008000c6        0x0 ./Firmware/EEPROM/eeprom.o
 .bss           0x008000c6        0x0 ./App/INTERFACE_MCU_WITH_EEPROM/interface_mcu_with_eeprom.o
 .bss           0x008000c6        0x0 ./main.o
 .bss           0x008000c6        0x0 a:/imt_sdk_win_64/imt_sdk_win_64/winavr/bin/../lib/gcc/avr/4.3.3/avr5\libgcc.a(_exit.o)
 .bss           0x008000c6        0x0 a:/imt_sdk_win_64/imt_sdk_win_64/winavr/bin/../lib/gcc/avr/4.3.3/avr5\libgcc.a(_copy_data.o)
 .bss           0x008000c6        0x0 a:/imt_sdk_win_64/imt_sdk_win_64/winavr/bin/../lib/gcc/avr/4.3.3/avr5\libgcc.a(_clear_bss.o)
 *(.bss*)
 .bss.gu8_data  0x008000c6        0x1 ./App/INTERFACE_MCU_WITH_EEPROM/interface_mcu_with_eeprom.o
 .bss.gu8_ReceiverBuffer
                0x008000c7       0x64 ./App/INTERFACE_MCU_WITH_EEPROM/interface_mcu_with_eeprom.o
 .bss.gu8_ReceiverAddr
                0x0080012b        0xa ./App/INTERFACE_MCU_WITH_EEPROM/interface_mcu_with_eeprom.o
 *(COMMON)
 COMMON         0x00800135        0x6 ./Mcal/UART/uart.o
                0x00800135                Gptr_uartRxInt
                0x00800137                Gptr_uartTxInt
                0x00800139                Gptr_uartDataEmptyRegInt
 COMMON         0x0080013b        0x2 ./Mcal/TWI/twi.o
                0x0080013b                G_TWI_CALLBACK
 COMMON         0x0080013d        0x2 ./Mcal/SPI/spi.o
                0x0080013d                G_SPI_CALLBACK
                0x0080013f                PROVIDE (__bss_end, .)
                0x00001b6c                __data_load_start = LOADADDR (.data)
                0x00001bd2                __data_load_end = (__data_load_start + SIZEOF (.data))

.noinit         0x0080013f        0x0
                0x0080013f                PROVIDE (__noinit_start, .)
 *(.noinit*)
                0x0080013f                PROVIDE (__noinit_end, .)
                0x0080013f                _end = .
                0x0080013f                PROVIDE (__heap_start, .)

.eeprom         0x00810000        0x0
 *(.eeprom*)
                0x00810000                __eeprom_end = .

.fuse
 *(.fuse)
 *(.lfuse)
 *(.hfuse)
 *(.efuse)

.lock
 *(.lock*)

.signature
 *(.signature*)

.stab           0x00000000     0x2ec8
 *(.stab)
 .stab          0x00000000      0x60c ./Mcal/UART/uart.o
 .stab          0x0000060c      0x984 ./Mcal/TWI/twi.o
                                0x990 (size before relaxing)
 .stab          0x00000f90      0x600 ./Mcal/SPI/spi.o
                                0x60c (size before relaxing)
 .stab          0x00001590      0x24c ./Mcal/GLOBAL_INTERRUPT/globalInterrupt.o
                                0x258 (size before relaxing)
 .stab          0x000017dc      0x414 ./Mcal/EXTERNAL_INTERRUPT/externalInterrupt.o
                                0x420 (size before relaxing)
 .stab          0x00001bf0      0x834 ./Mcal/DIO/DIO.o
                                0x840 (size before relaxing)
 .stab          0x00002424      0x324 ./Firmware/EEPROM/eeprom.o
                                0x330 (size before relaxing)
 .stab          0x00002748      0x654 ./App/INTERFACE_MCU_WITH_EEPROM/interface_mcu_with_eeprom.o
                                0x660 (size before relaxing)
 .stab          0x00002d9c      0x12c ./main.o
                                0x24c (size before relaxing)

.stabstr        0x00000000     0x1410
 *(.stabstr)
 .stabstr       0x00000000     0x1410 ./Mcal/UART/uart.o

.stab.excl
 *(.stab.excl)

.stab.exclstr
 *(.stab.exclstr)

.stab.index
 *(.stab.index)

.stab.indexstr
 *(.stab.indexstr)

.comment
 *(.comment)

.debug
 *(.debug)

.line
 *(.line)

.debug_srcinfo
 *(.debug_srcinfo)

.debug_sfnames
 *(.debug_sfnames)

.debug_aranges
 *(.debug_aranges)

.debug_pubnames
 *(.debug_pubnames)

.debug_info
 *(.debug_info)
 *(.gnu.linkonce.wi.*)

.debug_abbrev
 *(.debug_abbrev)

.debug_line
 *(.debug_line)

.debug_frame
 *(.debug_frame)

.debug_str
 *(.debug_str)

.debug_loc
 *(.debug_loc)

.debug_macinfo
 *(.debug_macinfo)
OUTPUT(EEPROM.elf elf32-avr)
LOAD linker stubs
