Archive member included because of file (symbol)

a:/imt_sdk_win_64/imt_sdk_win_64/winavr/bin/../lib/gcc/avr/4.3.3/avr5\libgcc.a(_exit.o)
                              a:/imt_sdk_win_64/imt_sdk_win_64/winavr/bin/../lib/gcc/avr/4.3.3/../../../../avr/lib/avr5/crtm16.o (exit)
a:/imt_sdk_win_64/imt_sdk_win_64/winavr/bin/../lib/gcc/avr/4.3.3/avr5\libgcc.a(_clear_bss.o)
                              ./Mcal/UART/uart.o (__do_clear_bss)

Allocating common symbols
Common symbol       size              file

Gptr_uartRxInt      0x2               ./Mcal/UART/uart.o
Gptr_uartTxInt      0x2               ./Mcal/UART/uart.o
Gptr_uartDataEmptyRegInt
                    0x2               ./Mcal/UART/uart.o
buffer              0xff              ./App/MASTER_APP/spi_master_app.o

Memory Configuration

Name             Origin             Length             Attributes
text             0x00000000         0x00020000         xr
data             0x00800060         0x0000ffa0         rw !x
eeprom           0x00810000         0x00010000         rw !x
fuse             0x00820000         0x00000400         rw !x
lock             0x00830000         0x00000400         rw !x
signature        0x00840000         0x00000400         rw !x
*default*        0x00000000         0xffffffff

Linker script and memory map

LOAD a:/imt_sdk_win_64/imt_sdk_win_64/winavr/bin/../lib/gcc/avr/4.3.3/../../../../avr/lib/avr5/crtm16.o
LOAD ./Mcal/UART/uart.o
LOAD ./Mcal/SPI/spi.o
LOAD ./Mcal/DIO/DIO.o
LOAD ./Firmware/LED/led.o
LOAD ./App/MASTER_APP/spi_master_app.o
LOAD ./main.o
LOAD a:/imt_sdk_win_64/imt_sdk_win_64/winavr/bin/../lib/gcc/avr/4.3.3/avr5\libgcc.a
LOAD a:/imt_sdk_win_64/imt_sdk_win_64/winavr/bin/../lib/gcc/avr/4.3.3/../../../../avr/lib/avr5\libc.a
LOAD a:/imt_sdk_win_64/imt_sdk_win_64/winavr/bin/../lib/gcc/avr/4.3.3/avr5\libgcc.a

.hash
 *(.hash)

.dynsym
 *(.dynsym)

.dynstr
 *(.dynstr)

.gnu.version
 *(.gnu.version)

.gnu.version_d
 *(.gnu.version_d)

.gnu.version_r
 *(.gnu.version_r)

.rel.init
 *(.rel.init)

.rela.init
 *(.rela.init)

.rel.text
 *(.rel.text)
 *(.rel.text.*)
 *(.rel.gnu.linkonce.t*)

.rela.text
 *(.rela.text)
 *(.rela.text.*)
 *(.rela.gnu.linkonce.t*)

.rel.fini
 *(.rel.fini)

.rela.fini
 *(.rela.fini)

.rel.rodata
 *(.rel.rodata)
 *(.rel.rodata.*)
 *(.rel.gnu.linkonce.r*)

.rela.rodata
 *(.rela.rodata)
 *(.rela.rodata.*)
 *(.rela.gnu.linkonce.r*)

.rel.data
 *(.rel.data)
 *(.rel.data.*)
 *(.rel.gnu.linkonce.d*)

.rela.data
 *(.rela.data)
 *(.rela.data.*)
 *(.rela.gnu.linkonce.d*)

.rel.ctors
 *(.rel.ctors)

.rela.ctors
 *(.rela.ctors)

.rel.dtors
 *(.rel.dtors)

.rela.dtors
 *(.rela.dtors)

.rel.got
 *(.rel.got)

.rela.got
 *(.rela.got)

.rel.bss
 *(.rel.bss)

.rela.bss
 *(.rela.bss)

.rel.plt
 *(.rel.plt)

.rela.plt
 *(.rela.plt)

.text           0x00000000     0x12f0
 *(.vectors)
 .vectors       0x00000000       0x54 a:/imt_sdk_win_64/imt_sdk_win_64/winavr/bin/../lib/gcc/avr/4.3.3/../../../../avr/lib/avr5/crtm16.o
                0x00000000                __vectors
                0x00000000                __vector_default
 *(.vectors)
 *(.progmem.gcc*)
 *(.progmem*)
                0x00000054                . = ALIGN (0x2)
                0x00000054                __trampolines_start = .
 *(.trampolines)
 .trampolines   0x00000054        0x0 linker stubs
 *(.trampolines*)
                0x00000054                __trampolines_end = .
 *(.jumptables)
 *(.jumptables*)
 *(.lowtext)
 *(.lowtext*)
                0x00000054                __ctors_start = .
 *(.ctors)
                0x00000054                __ctors_end = .
                0x00000054                __dtors_start = .
 *(.dtors)
                0x00000054                __dtors_end = .
 SORT(*)(.ctors)
 SORT(*)(.dtors)
 *(.init0)
 .init0         0x00000054        0x0 a:/imt_sdk_win_64/imt_sdk_win_64/winavr/bin/../lib/gcc/avr/4.3.3/../../../../avr/lib/avr5/crtm16.o
                0x00000054                __init
 *(.init0)
 *(.init1)
 *(.init1)
 *(.init2)
 .init2         0x00000054        0xc a:/imt_sdk_win_64/imt_sdk_win_64/winavr/bin/../lib/gcc/avr/4.3.3/../../../../avr/lib/avr5/crtm16.o
 *(.init2)
 *(.init3)
 *(.init3)
 *(.init4)
 .init4         0x00000060       0x10 a:/imt_sdk_win_64/imt_sdk_win_64/winavr/bin/../lib/gcc/avr/4.3.3/avr5\libgcc.a(_clear_bss.o)
                0x00000060                __do_clear_bss
 *(.init4)
 *(.init5)
 *(.init5)
 *(.init6)
 *(.init6)
 *(.init7)
 *(.init7)
 *(.init8)
 *(.init8)
 *(.init9)
 .init9         0x00000070        0x8 a:/imt_sdk_win_64/imt_sdk_win_64/winavr/bin/../lib/gcc/avr/4.3.3/../../../../avr/lib/avr5/crtm16.o
 *(.init9)
 *(.text)
 .text          0x00000078        0x4 a:/imt_sdk_win_64/imt_sdk_win_64/winavr/bin/../lib/gcc/avr/4.3.3/../../../../avr/lib/avr5/crtm16.o
                0x00000078                __vector_1
                0x00000078                __vector_12
                0x00000078                __bad_interrupt
                0x00000078                __vector_6
                0x00000078                __vector_3
                0x00000078                __vector_11
                0x00000078                __vector_13
                0x00000078                __vector_17
                0x00000078                __vector_19
                0x00000078                __vector_7
                0x00000078                __vector_5
                0x00000078                __vector_4
                0x00000078                __vector_9
                0x00000078                __vector_2
                0x00000078                __vector_15
                0x00000078                __vector_8
                0x00000078                __vector_14
                0x00000078                __vector_10
                0x00000078                __vector_16
                0x00000078                __vector_18
                0x00000078                __vector_20
 .text          0x0000007c        0x0 ./Mcal/UART/uart.o
 .text          0x0000007c        0x0 ./Mcal/SPI/spi.o
 .text          0x0000007c        0x0 ./Mcal/DIO/DIO.o
 .text          0x0000007c        0x0 ./Firmware/LED/led.o
 .text          0x0000007c        0x0 ./App/MASTER_APP/spi_master_app.o
 .text          0x0000007c        0x0 ./main.o
 .text          0x0000007c        0x0 a:/imt_sdk_win_64/imt_sdk_win_64/winavr/bin/../lib/gcc/avr/4.3.3/avr5\libgcc.a(_exit.o)
 .text          0x0000007c        0x0 a:/imt_sdk_win_64/imt_sdk_win_64/winavr/bin/../lib/gcc/avr/4.3.3/avr5\libgcc.a(_clear_bss.o)
                0x0000007c                . = ALIGN (0x2)
 *(.text.*)
 .text.UART_Init
                0x0000007c       0x64 ./Mcal/UART/uart.o
                0x0000007c                UART_Init
 .text.UART_TransmitChar
                0x000000e0       0x3a ./Mcal/UART/uart.o
                0x000000e0                UART_TransmitChar
 .text.UART_TransmitString
                0x0000011a       0x92 ./Mcal/UART/uart.o
                0x0000011a                UART_TransmitString
 .text.UART_ReceiveChar
                0x000001ac       0x36 ./Mcal/UART/uart.o
                0x000001ac                UART_ReceiveChar
 .text.UART_ReceiveString
                0x000001e2       0xb8 ./Mcal/UART/uart.o
                0x000001e2                UART_ReceiveString
 .text.UART_EnableInterrupt
                0x0000029a       0x7e ./Mcal/UART/uart.o
                0x0000029a                UART_EnableInterrupt
 .text.UART_DisableInterrupt
                0x00000318       0x7e ./Mcal/UART/uart.o
                0x00000318                UART_DisableInterrupt
 .text.SPI_SlaveInit
                0x00000396       0x24 ./Mcal/SPI/spi.o
 .text.SPI_Init
                0x000003ba       0x7a ./Mcal/SPI/spi.o
                0x000003ba                SPI_Init
 .text.SPI_TransmitChar
                0x00000434       0x50 ./Mcal/SPI/spi.o
                0x00000434                SPI_TransmitChar
 .text.SPI_TransmitString
                0x00000484       0xac ./Mcal/SPI/spi.o
                0x00000484                SPI_TransmitString
 .text.SPI_ReceiveChar
                0x00000530       0x6e ./Mcal/SPI/spi.o
                0x00000530                SPI_ReceiveChar
 .text.SPI_ReceiveString
                0x0000059e       0xb0 ./Mcal/SPI/spi.o
                0x0000059e                SPI_ReceiveString
 .text.SPI_EnableInterrupt
                0x0000064e       0x16 ./Mcal/SPI/spi.o
                0x0000064e                SPI_EnableInterrupt
 .text.SPI_DisableInterrupt
                0x00000664       0x16 ./Mcal/SPI/spi.o
                0x00000664                SPI_DisableInterrupt
 .text.SPI_SetCallback
                0x0000067a       0x20 ./Mcal/SPI/spi.o
                0x0000067a                SPI_SetCallback
 .text.DIO_setPortDirection
                0x0000069a       0x96 ./Mcal/DIO/DIO.o
                0x0000069a                DIO_setPortDirection
 .text.DIO_SetPinDirection
                0x00000730      0x222 ./Mcal/DIO/DIO.o
                0x00000730                DIO_SetPinDirection
 .text.DIO_writePort
                0x00000952       0x96 ./Mcal/DIO/DIO.o
                0x00000952                DIO_writePort
 .text.DIO_WritePin
                0x000009e8      0x222 ./Mcal/DIO/DIO.o
                0x000009e8                DIO_WritePin
 .text.DIO_ReadPort
                0x00000c0a       0xaa ./Mcal/DIO/DIO.o
                0x00000c0a                DIO_ReadPort
 .text.DIO_ReadPin
                0x00000cb4      0x128 ./Mcal/DIO/DIO.o
                0x00000cb4                DIO_ReadPin
 .text.DIO_TogglePin
                0x00000ddc      0x118 ./Mcal/DIO/DIO.o
                0x00000ddc                DIO_TogglePin
 .text.DIO_EnablePinPullup
                0x00000ef4      0x1d2 ./Mcal/DIO/DIO.o
                0x00000ef4                DIO_EnablePinPullup
 .text.LED_Init
                0x000010c6       0x2e ./Firmware/LED/led.o
                0x000010c6                LED_Init
 .text.LED_On   0x000010f4       0x66 ./Firmware/LED/led.o
                0x000010f4                LED_On
 .text.LED_Off  0x0000115a       0x66 ./Firmware/LED/led.o
                0x0000115a                LED_Off
 .text.LED_Toggle
                0x000011c0       0x60 ./Firmware/LED/led.o
                0x000011c0                LED_Toggle
 .text.LED_Status
                0x00001220       0x7c ./Firmware/LED/led.o
                0x00001220                LED_Status
 .text.App_Init
                0x0000129c       0x1a ./App/MASTER_APP/spi_master_app.o
                0x0000129c                App_Init
 .text.App_Update
                0x000012b6       0x24 ./App/MASTER_APP/spi_master_app.o
                0x000012b6                App_Update
 .text.main     0x000012da       0x12 ./main.o
                0x000012da                main
 .text.libgcc   0x000012ec        0x0 a:/imt_sdk_win_64/imt_sdk_win_64/winavr/bin/../lib/gcc/avr/4.3.3/avr5\libgcc.a(_exit.o)
 .text.libgcc   0x000012ec        0x0 a:/imt_sdk_win_64/imt_sdk_win_64/winavr/bin/../lib/gcc/avr/4.3.3/avr5\libgcc.a(_clear_bss.o)
                0x000012ec                . = ALIGN (0x2)
 *(.fini9)
 .fini9         0x000012ec        0x0 a:/imt_sdk_win_64/imt_sdk_win_64/winavr/bin/../lib/gcc/avr/4.3.3/avr5\libgcc.a(_exit.o)
                0x000012ec                exit
                0x000012ec                _exit
 *(.fini9)
 *(.fini8)
 *(.fini8)
 *(.fini7)
 *(.fini7)
 *(.fini6)
 *(.fini6)
 *(.fini5)
 *(.fini5)
 *(.fini4)
 *(.fini4)
 *(.fini3)
 *(.fini3)
 *(.fini2)
 *(.fini2)
 *(.fini1)
 *(.fini1)
 *(.fini0)
 .fini0         0x000012ec        0x4 a:/imt_sdk_win_64/imt_sdk_win_64/winavr/bin/../lib/gcc/avr/4.3.3/avr5\libgcc.a(_exit.o)
 *(.fini0)
                0x000012f0                _etext = .

.data           0x00800060        0x0 load address 0x000012f0
                0x00800060                PROVIDE (__data_start, .)
 *(.data)
 .data          0x00800060        0x0 a:/imt_sdk_win_64/imt_sdk_win_64/winavr/bin/../lib/gcc/avr/4.3.3/../../../../avr/lib/avr5/crtm16.o
 .data          0x00800060        0x0 ./Mcal/UART/uart.o
 .data          0x00800060        0x0 ./Mcal/SPI/spi.o
 .data          0x00800060        0x0 ./Mcal/DIO/DIO.o
 .data          0x00800060        0x0 ./Firmware/LED/led.o
 .data          0x00800060        0x0 ./App/MASTER_APP/spi_master_app.o
 .data          0x00800060        0x0 ./main.o
 .data          0x00800060        0x0 a:/imt_sdk_win_64/imt_sdk_win_64/winavr/bin/../lib/gcc/avr/4.3.3/avr5\libgcc.a(_exit.o)
 .data          0x00800060        0x0 a:/imt_sdk_win_64/imt_sdk_win_64/winavr/bin/../lib/gcc/avr/4.3.3/avr5\libgcc.a(_clear_bss.o)
 *(.data*)
 *(.rodata)
 *(.rodata*)
 *(.gnu.linkonce.d*)
                0x00800060                . = ALIGN (0x2)
                0x00800060                _edata = .
                0x00800060                PROVIDE (__data_end, .)

.bss            0x00800060      0x105
                0x00800060                PROVIDE (__bss_start, .)
 *(.bss)
 .bss           0x00800060        0x0 a:/imt_sdk_win_64/imt_sdk_win_64/winavr/bin/../lib/gcc/avr/4.3.3/../../../../avr/lib/avr5/crtm16.o
 .bss           0x00800060        0x0 ./Mcal/UART/uart.o
 .bss           0x00800060        0x0 ./Mcal/SPI/spi.o
 .bss           0x00800060        0x0 ./Mcal/DIO/DIO.o
 .bss           0x00800060        0x0 ./Firmware/LED/led.o
 .bss           0x00800060        0x0 ./App/MASTER_APP/spi_master_app.o
 .bss           0x00800060        0x0 ./main.o
 .bss           0x00800060        0x0 a:/imt_sdk_win_64/imt_sdk_win_64/winavr/bin/../lib/gcc/avr/4.3.3/avr5\libgcc.a(_exit.o)
 .bss           0x00800060        0x0 a:/imt_sdk_win_64/imt_sdk_win_64/winavr/bin/../lib/gcc/avr/4.3.3/avr5\libgcc.a(_clear_bss.o)
 *(.bss*)
 *(COMMON)
 COMMON         0x00800060        0x6 ./Mcal/UART/uart.o
                0x00800060                Gptr_uartRxInt
                0x00800062                Gptr_uartTxInt
                0x00800064                Gptr_uartDataEmptyRegInt
 COMMON         0x00800066       0xff ./App/MASTER_APP/spi_master_app.o
                0x00800066                buffer
                0x00800165                PROVIDE (__bss_end, .)
                0x000012f0                __data_load_start = LOADADDR (.data)
                0x000012f0                __data_load_end = (__data_load_start + SIZEOF (.data))

.noinit         0x00800165        0x0
                0x00800165                PROVIDE (__noinit_start, .)
 *(.noinit*)
                0x00800165                PROVIDE (__noinit_end, .)
                0x00800165                _end = .
                0x00800165                PROVIDE (__heap_start, .)

.eeprom         0x00810000        0x0
 *(.eeprom*)
                0x00810000                __eeprom_end = .

.fuse
 *(.fuse)
 *(.lfuse)
 *(.hfuse)
 *(.efuse)

.lock
 *(.lock*)

.signature
 *(.signature*)

.stab           0x00000000     0x1d34
 *(.stab)
 .stab          0x00000000      0x618 ./Mcal/UART/uart.o
 .stab          0x00000618      0x714 ./Mcal/SPI/spi.o
                                0x720 (size before relaxing)
 .stab          0x00000d2c      0x834 ./Mcal/DIO/DIO.o
                                0x840 (size before relaxing)
 .stab          0x00001560      0x420 ./Firmware/LED/led.o
                                0x42c (size before relaxing)
 .stab          0x00001980      0x288 ./App/MASTER_APP/spi_master_app.o
                                0x294 (size before relaxing)
 .stab          0x00001c08      0x12c ./main.o
                                0x24c (size before relaxing)

.stabstr        0x00000000      0xda0
 *(.stabstr)
 .stabstr       0x00000000      0xda0 ./Mcal/UART/uart.o

.stab.excl
 *(.stab.excl)

.stab.exclstr
 *(.stab.exclstr)

.stab.index
 *(.stab.index)

.stab.indexstr
 *(.stab.indexstr)

.comment
 *(.comment)

.debug
 *(.debug)

.line
 *(.line)

.debug_srcinfo
 *(.debug_srcinfo)

.debug_sfnames
 *(.debug_sfnames)

.debug_aranges
 *(.debug_aranges)

.debug_pubnames
 *(.debug_pubnames)

.debug_info
 *(.debug_info)
 *(.gnu.linkonce.wi.*)

.debug_abbrev
 *(.debug_abbrev)

.debug_line
 *(.debug_line)

.debug_frame
 *(.debug_frame)

.debug_str
 *(.debug_str)

.debug_loc
 *(.debug_loc)

.debug_macinfo
 *(.debug_macinfo)
OUTPUT(S_SPI_Master.elf elf32-avr)
LOAD linker stubs
