Archive member included because of file (symbol)

a:/imt_sdk_win_64/imt_sdk_win_64/winavr/bin/../lib/gcc/avr/4.3.3/avr5\libgcc.a(_mulsi3.o)
                              ./Firmware/TEMP/temp.o (__mulsi3)
a:/imt_sdk_win_64/imt_sdk_win_64/winavr/bin/../lib/gcc/avr/4.3.3/avr5\libgcc.a(_udivmodhi4.o)
                              ./Firmware/LCD/lcd.o (__udivmodhi4)
a:/imt_sdk_win_64/imt_sdk_win_64/winavr/bin/../lib/gcc/avr/4.3.3/avr5\libgcc.a(_udivmodsi4.o)
                              ./Firmware/TEMP/temp.o (__udivmodsi4)
a:/imt_sdk_win_64/imt_sdk_win_64/winavr/bin/../lib/gcc/avr/4.3.3/avr5\libgcc.a(_exit.o)
                              a:/imt_sdk_win_64/imt_sdk_win_64/winavr/bin/../lib/gcc/avr/4.3.3/../../../../avr/lib/avr5/crtm16.o (exit)
a:/imt_sdk_win_64/imt_sdk_win_64/winavr/bin/../lib/gcc/avr/4.3.3/avr5\libgcc.a(_copy_data.o)
                              ./Mcal/I2C/MockI2CRegisters.o (__do_copy_data)
a:/imt_sdk_win_64/imt_sdk_win_64/winavr/bin/../lib/gcc/avr/4.3.3/avr5\libgcc.a(_clear_bss.o)
                              ./Mcal/UART/uart.o (__do_clear_bss)

Allocating common symbols
Common symbol       size              file

Gptr_uartRxInt      0x2               ./Mcal/UART/uart.o
Gptr_uartTxInt      0x2               ./Mcal/UART/uart.o
G_TWI_CALLBACK      0x2               ./Mcal/TWI/twi.o
Gptr_uartDataEmptyRegInt
                    0x2               ./Mcal/UART/uart.o
G_ADC_CALLBACK      0x2               ./Mcal/ADC/adc.o

Memory Configuration

Name             Origin             Length             Attributes
text             0x00000000         0x00020000         xr
data             0x00800060         0x0000ffa0         rw !x
eeprom           0x00810000         0x00010000         rw !x
fuse             0x00820000         0x00000400         rw !x
lock             0x00830000         0x00000400         rw !x
signature        0x00840000         0x00000400         rw !x
*default*        0x00000000         0xffffffff

Linker script and memory map

LOAD a:/imt_sdk_win_64/imt_sdk_win_64/winavr/bin/../lib/gcc/avr/4.3.3/../../../../avr/lib/avr5/crtm16.o
LOAD ./Mcal/UART/uart.o
LOAD ./Mcal/TWI/twi.o
LOAD ./Mcal/I2C/I2C.o
LOAD ./Mcal/I2C/MockI2CRegisters.o
LOAD ./Mcal/GLOBAL_INTERRUPT/globalInterrupt.o
LOAD ./Mcal/EXTERNAL_INTERRUPT/externalInterrupt.o
LOAD ./Mcal/DIO/DIO.o
LOAD ./Mcal/ADC/adc.o
LOAD ./Firmware/TEMP/temp.o
LOAD ./Firmware/Motor/Motor.o
LOAD ./Firmware/LCD/lcd.o
LOAD ./Firmware/KEYPAD/keypad.o
LOAD ./App/THERMOSTAT/thermostat.o
LOAD ./main.o
LOAD a:/imt_sdk_win_64/imt_sdk_win_64/winavr/bin/../lib/gcc/avr/4.3.3/avr5\libgcc.a
LOAD a:/imt_sdk_win_64/imt_sdk_win_64/winavr/bin/../lib/gcc/avr/4.3.3/../../../../avr/lib/avr5\libc.a
LOAD a:/imt_sdk_win_64/imt_sdk_win_64/winavr/bin/../lib/gcc/avr/4.3.3/avr5\libgcc.a

.hash
 *(.hash)

.dynsym
 *(.dynsym)

.dynstr
 *(.dynstr)

.gnu.version
 *(.gnu.version)

.gnu.version_d
 *(.gnu.version_d)

.gnu.version_r
 *(.gnu.version_r)

.rel.init
 *(.rel.init)

.rela.init
 *(.rela.init)

.rel.text
 *(.rel.text)
 *(.rel.text.*)
 *(.rel.gnu.linkonce.t*)

.rela.text
 *(.rela.text)
 *(.rela.text.*)
 *(.rela.gnu.linkonce.t*)

.rel.fini
 *(.rel.fini)

.rela.fini
 *(.rela.fini)

.rel.rodata
 *(.rel.rodata)
 *(.rel.rodata.*)
 *(.rel.gnu.linkonce.r*)

.rela.rodata
 *(.rela.rodata)
 *(.rela.rodata.*)
 *(.rela.gnu.linkonce.r*)

.rel.data
 *(.rel.data)
 *(.rel.data.*)
 *(.rel.gnu.linkonce.d*)

.rela.data
 *(.rela.data)
 *(.rela.data.*)
 *(.rela.gnu.linkonce.d*)

.rel.ctors
 *(.rel.ctors)

.rela.ctors
 *(.rela.ctors)

.rel.dtors
 *(.rel.dtors)

.rela.dtors
 *(.rela.dtors)

.rel.got
 *(.rel.got)

.rela.got
 *(.rela.got)

.rel.bss
 *(.rel.bss)

.rela.bss
 *(.rela.bss)

.rel.plt
 *(.rel.plt)

.rela.plt
 *(.rela.plt)

.text           0x00000000     0x2830
 *(.vectors)
 .vectors       0x00000000       0x54 a:/imt_sdk_win_64/imt_sdk_win_64/winavr/bin/../lib/gcc/avr/4.3.3/../../../../avr/lib/avr5/crtm16.o
                0x00000000                __vectors
                0x00000000                __vector_default
 *(.vectors)
 *(.progmem.gcc*)
 *(.progmem*)
                0x00000054                . = ALIGN (0x2)
                0x00000054                __trampolines_start = .
 *(.trampolines)
 .trampolines   0x00000054        0x0 linker stubs
 *(.trampolines*)
                0x00000054                __trampolines_end = .
 *(.jumptables)
 *(.jumptables*)
 *(.lowtext)
 *(.lowtext*)
                0x00000054                __ctors_start = .
 *(.ctors)
                0x00000054                __ctors_end = .
                0x00000054                __dtors_start = .
 *(.dtors)
                0x00000054                __dtors_end = .
 SORT(*)(.ctors)
 SORT(*)(.dtors)
 *(.init0)
 .init0         0x00000054        0x0 a:/imt_sdk_win_64/imt_sdk_win_64/winavr/bin/../lib/gcc/avr/4.3.3/../../../../avr/lib/avr5/crtm16.o
                0x00000054                __init
 *(.init0)
 *(.init1)
 *(.init1)
 *(.init2)
 .init2         0x00000054        0xc a:/imt_sdk_win_64/imt_sdk_win_64/winavr/bin/../lib/gcc/avr/4.3.3/../../../../avr/lib/avr5/crtm16.o
 *(.init2)
 *(.init3)
 *(.init3)
 *(.init4)
 .init4         0x00000060       0x16 a:/imt_sdk_win_64/imt_sdk_win_64/winavr/bin/../lib/gcc/avr/4.3.3/avr5\libgcc.a(_copy_data.o)
                0x00000060                __do_copy_data
 .init4         0x00000076       0x10 a:/imt_sdk_win_64/imt_sdk_win_64/winavr/bin/../lib/gcc/avr/4.3.3/avr5\libgcc.a(_clear_bss.o)
                0x00000076                __do_clear_bss
 *(.init4)
 *(.init5)
 *(.init5)
 *(.init6)
 *(.init6)
 *(.init7)
 *(.init7)
 *(.init8)
 *(.init8)
 *(.init9)
 .init9         0x00000086        0x8 a:/imt_sdk_win_64/imt_sdk_win_64/winavr/bin/../lib/gcc/avr/4.3.3/../../../../avr/lib/avr5/crtm16.o
 *(.init9)
 *(.text)
 .text          0x0000008e        0x4 a:/imt_sdk_win_64/imt_sdk_win_64/winavr/bin/../lib/gcc/avr/4.3.3/../../../../avr/lib/avr5/crtm16.o
                0x0000008e                __vector_12
                0x0000008e                __bad_interrupt
                0x0000008e                __vector_6
                0x0000008e                __vector_3
                0x0000008e                __vector_11
                0x0000008e                __vector_13
                0x0000008e                __vector_17
                0x0000008e                __vector_7
                0x0000008e                __vector_5
                0x0000008e                __vector_4
                0x0000008e                __vector_9
                0x0000008e                __vector_15
                0x0000008e                __vector_8
                0x0000008e                __vector_14
                0x0000008e                __vector_10
                0x0000008e                __vector_18
                0x0000008e                __vector_20
 .text          0x00000092        0x0 ./Mcal/UART/uart.o
 .text          0x00000092        0x0 ./Mcal/TWI/twi.o
 .text          0x00000092        0x0 ./Mcal/I2C/I2C.o
 .text          0x00000092        0x0 ./Mcal/I2C/MockI2CRegisters.o
 .text          0x00000092        0x0 ./Mcal/GLOBAL_INTERRUPT/globalInterrupt.o
 .text          0x00000092        0x0 ./Mcal/EXTERNAL_INTERRUPT/externalInterrupt.o
 .text          0x00000092        0x0 ./Mcal/DIO/DIO.o
 .text          0x00000092        0x0 ./Mcal/ADC/adc.o
 .text          0x00000092        0x0 ./Firmware/TEMP/temp.o
 .text          0x00000092        0x0 ./Firmware/Motor/Motor.o
 .text          0x00000092        0x0 ./Firmware/LCD/lcd.o
 .text          0x00000092        0x0 ./Firmware/KEYPAD/keypad.o
 .text          0x00000092        0x0 ./App/THERMOSTAT/thermostat.o
 .text          0x00000092        0x0 ./main.o
 .text          0x00000092        0x0 a:/imt_sdk_win_64/imt_sdk_win_64/winavr/bin/../lib/gcc/avr/4.3.3/avr5\libgcc.a(_mulsi3.o)
 .text          0x00000092        0x0 a:/imt_sdk_win_64/imt_sdk_win_64/winavr/bin/../lib/gcc/avr/4.3.3/avr5\libgcc.a(_udivmodhi4.o)
 .text          0x00000092        0x0 a:/imt_sdk_win_64/imt_sdk_win_64/winavr/bin/../lib/gcc/avr/4.3.3/avr5\libgcc.a(_udivmodsi4.o)
 .text          0x00000092        0x0 a:/imt_sdk_win_64/imt_sdk_win_64/winavr/bin/../lib/gcc/avr/4.3.3/avr5\libgcc.a(_exit.o)
 .text          0x00000092        0x0 a:/imt_sdk_win_64/imt_sdk_win_64/winavr/bin/../lib/gcc/avr/4.3.3/avr5\libgcc.a(_copy_data.o)
 .text          0x00000092        0x0 a:/imt_sdk_win_64/imt_sdk_win_64/winavr/bin/../lib/gcc/avr/4.3.3/avr5\libgcc.a(_clear_bss.o)
                0x00000092                . = ALIGN (0x2)
 *(.text.*)
 .text.UART_Init
                0x00000092       0x64 ./Mcal/UART/uart.o
                0x00000092                UART_Init
 .text.UART_TransmitChar
                0x000000f6       0x3a ./Mcal/UART/uart.o
                0x000000f6                UART_TransmitChar
 .text.UART_TransmitString
                0x00000130       0x92 ./Mcal/UART/uart.o
                0x00000130                UART_TransmitString
 .text.UART_ReceiveChar
                0x000001c2       0x36 ./Mcal/UART/uart.o
                0x000001c2                UART_ReceiveChar
 .text.UART_ReceiveString
                0x000001f8       0xc8 ./Mcal/UART/uart.o
                0x000001f8                UART_ReceiveString
 .text.UART_EnableInterrupt
                0x000002c0       0x7e ./Mcal/UART/uart.o
                0x000002c0                UART_EnableInterrupt
 .text.UART_DisableInterrupt
                0x0000033e       0x7e ./Mcal/UART/uart.o
                0x0000033e                UART_DisableInterrupt
 .text.TWI_SetSlaveAddress
                0x000003bc       0x1e ./Mcal/TWI/twi.o
                0x000003bc                TWI_SetSlaveAddress
 .text.TWI_Init
                0x000003da       0x4e ./Mcal/TWI/twi.o
                0x000003da                TWI_Init
 .text.TWI_SendStartCondition
                0x00000428       0x4e ./Mcal/TWI/twi.o
                0x00000428                TWI_SendStartCondition
 .text.TWI_SendStopCondition
                0x00000476       0x1e ./Mcal/TWI/twi.o
                0x00000476                TWI_SendStopCondition
 .text.TWI_SendSLAWrite
                0x00000494       0x62 ./Mcal/TWI/twi.o
                0x00000494                TWI_SendSLAWrite
 .text.TWI_SendSLARead
                0x000004f6       0x6a ./Mcal/TWI/twi.o
                0x000004f6                TWI_SendSLARead
 .text.TWI_SendData
                0x00000560       0x60 ./Mcal/TWI/twi.o
                0x00000560                TWI_SendData
 .text.TWI_SendChar
                0x000005c0       0x3c ./Mcal/TWI/twi.o
                0x000005c0                TWI_SendChar
 .text.TWI_RecDataAck
                0x000005fc       0x7e ./Mcal/TWI/twi.o
                0x000005fc                TWI_RecDataAck
 .text.TWI_RecChar
                0x0000067a       0x44 ./Mcal/TWI/twi.o
                0x0000067a                TWI_RecChar
 .text.TWI_EnableInterrupt
                0x000006be       0x24 ./Mcal/TWI/twi.o
                0x000006be                TWI_EnableInterrupt
 .text.TWI_DisableInterrupt
                0x000006e2       0x24 ./Mcal/TWI/twi.o
                0x000006e2                TWI_DisableInterrupt
 .text.TWI_SlaOperDetermination
                0x00000706       0x2e ./Mcal/TWI/twi.o
                0x00000706                TWI_SlaOperDetermination
 .text.TWI_SetCallback
                0x00000734       0x2c ./Mcal/TWI/twi.o
                0x00000734                TWI_SetCallback
 .text.__vector_19
                0x00000760       0x5a ./Mcal/TWI/twi.o
                0x00000760                __vector_19
 .text.I2C_Init
                0x000007ba       0x6c ./Mcal/I2C/I2C.o
                0x000007ba                I2C_Init
 .text.I2C_SetSlaveAddress
                0x00000826       0x46 ./Mcal/I2C/I2C.o
                0x00000826                I2C_SetSlaveAddress
 .text.I2C_Start
                0x0000086c       0x4c ./Mcal/I2C/I2C.o
                0x0000086c                I2C_Start
 .text.I2C_RepeatedStart
                0x000008b8       0x5a ./Mcal/I2C/I2C.o
                0x000008b8                I2C_RepeatedStart
 .text.I2C_Write
                0x00000912       0x70 ./Mcal/I2C/I2C.o
                0x00000912                I2C_Write
 .text.I2C_ReadAck
                0x00000982       0x76 ./Mcal/I2C/I2C.o
                0x00000982                I2C_ReadAck
 .text.I2C_ReadNoAck
                0x000009f8       0x76 ./Mcal/I2C/I2C.o
                0x000009f8                I2C_ReadNoAck
 .text.I2C_Stop
                0x00000a6e       0x54 ./Mcal/I2C/I2C.o
                0x00000a6e                I2C_Stop
 .text.I2C_Status
                0x00000ac2       0x50 ./Mcal/I2C/I2C.o
                0x00000ac2                I2C_Status
 .text.I2C_EnableInterrupt
                0x00000b12       0x46 ./Mcal/I2C/I2C.o
                0x00000b12                I2C_EnableInterrupt
 .text.I2C_DisableInterrupt
                0x00000b58       0x46 ./Mcal/I2C/I2C.o
                0x00000b58                I2C_DisableInterrupt
 .text.I2C_SetCallback
                0x00000b9e       0x52 ./Mcal/I2C/I2C.o
                0x00000b9e                I2C_SetCallback
 .text.GI_EnableGI
                0x00000bf0       0x1c ./Mcal/GLOBAL_INTERRUPT/globalInterrupt.o
                0x00000bf0                GI_EnableGI
 .text.GI_DisableGI
                0x00000c0c       0x1c ./Mcal/GLOBAL_INTERRUPT/globalInterrupt.o
                0x00000c0c                GI_DisableGI
 .text.EX_vdDisable
                0x00000c28       0x74 ./Mcal/EXTERNAL_INTERRUPT/externalInterrupt.o
                0x00000c28                EX_vdDisable
 .text.EX_vdConfigInterrupt
                0x00000c9c      0x238 ./Mcal/EXTERNAL_INTERRUPT/externalInterrupt.o
                0x00000c9c                EX_vdConfigInterrupt
 .text.__vector_1
                0x00000ed4       0x20 ./Mcal/EXTERNAL_INTERRUPT/externalInterrupt.o
                0x00000ed4                __vector_1
 .text.__vector_2
                0x00000ef4       0x20 ./Mcal/EXTERNAL_INTERRUPT/externalInterrupt.o
                0x00000ef4                __vector_2
 .text.DIO_SetPortDirection
                0x00000f14       0x96 ./Mcal/DIO/DIO.o
                0x00000f14                DIO_SetPortDirection
 .text.DIO_SetPinDirection
                0x00000faa      0x222 ./Mcal/DIO/DIO.o
                0x00000faa                DIO_SetPinDirection
 .text.DIO_writePort
                0x000011cc       0x96 ./Mcal/DIO/DIO.o
                0x000011cc                DIO_writePort
 .text.DIO_WritePin
                0x00001262      0x222 ./Mcal/DIO/DIO.o
                0x00001262                DIO_WritePin
 .text.DIO_ReadPort
                0x00001484       0xaa ./Mcal/DIO/DIO.o
                0x00001484                DIO_ReadPort
 .text.DIO_ReadPin
                0x0000152e      0x128 ./Mcal/DIO/DIO.o
                0x0000152e                DIO_ReadPin
 .text.DIO_TogglePin
                0x00001656      0x118 ./Mcal/DIO/DIO.o
                0x00001656                DIO_TogglePin
 .text.DIO_EnablePinPullup
                0x0000176e      0x1d2 ./Mcal/DIO/DIO.o
                0x0000176e                DIO_EnablePinPullup
 .text.ADC_Init
                0x00001940       0x58 ./Mcal/ADC/adc.o
                0x00001940                ADC_Init
 .text.ADC_StartSingleConversion
                0x00001998       0x34 ./Mcal/ADC/adc.o
                0x00001998                ADC_StartSingleConversion
 .text.ADC_Read
                0x000019cc       0x5a ./Mcal/ADC/adc.o
                0x000019cc                ADC_Read
 .text.ADC_EnInterrupt
                0x00001a26       0x1e ./Mcal/ADC/adc.o
                0x00001a26                ADC_EnInterrupt
 .text.ADC_DisInterrupt
                0x00001a44       0x1e ./Mcal/ADC/adc.o
                0x00001a44                ADC_DisInterrupt
 .text.ADC_SetCallback
                0x00001a62       0x26 ./Mcal/ADC/adc.o
                0x00001a62                ADC_SetCallback
 .text.__vector_16
                0x00001a88       0x5a ./Mcal/ADC/adc.o
                0x00001a88                __vector_16
 .text.TEMP_Init
                0x00001ae2       0xca ./Firmware/TEMP/temp.o
                0x00001ae2                TEMP_Init
 .text.TEMP_GetTemp
                0x00001bac      0x1a4 ./Firmware/TEMP/temp.o
                0x00001bac                TEMP_GetTemp
 .text.MOTOR_init
                0x00001d50       0x2c ./Firmware/Motor/Motor.o
                0x00001d50                MOTOR_init
 .text.MOTOR_start
                0x00001d7c       0x78 ./Firmware/Motor/Motor.o
                0x00001d7c                MOTOR_start
 .text.MOTOR_stop
                0x00001df4       0x3c ./Firmware/Motor/Motor.o
                0x00001df4                MOTOR_stop
 .text.MOTOR_dir
                0x00001e30       0x6e ./Firmware/Motor/Motor.o
                0x00001e30                MOTOR_dir
 .text.LCD_SendCmd
                0x00001e9e       0x46 ./Firmware/LCD/lcd.o
 .text.LCD_SendChar
                0x00001ee4       0x46 ./Firmware/LCD/lcd.o
                0x00001ee4                LCD_SendChar
 .text.LCD_Initialization
                0x00001f2a      0x17a ./Firmware/LCD/lcd.o
                0x00001f2a                LCD_Initialization
 .text.LCD_WriteString
                0x000020a4       0x50 ./Firmware/LCD/lcd.o
                0x000020a4                LCD_WriteString
 .text.LCD_WriteNumber
                0x000020f4       0xba ./Firmware/LCD/lcd.o
                0x000020f4                LCD_WriteNumber
 .text.LCD_Returnhome
                0x000021ae       0x16 ./Firmware/LCD/lcd.o
                0x000021ae                LCD_Returnhome
 .text.LCD_ClearDisplay
                0x000021c4       0x16 ./Firmware/LCD/lcd.o
                0x000021c4                LCD_ClearDisplay
 .text.LCD_CrsSecRow
                0x000021da       0x16 ./Firmware/LCD/lcd.o
                0x000021da                LCD_CrsSecRow
 .text.LCD_MoveCrsTo
                0x000021f0       0x50 ./Firmware/LCD/lcd.o
                0x000021f0                LCD_MoveCrsTo
 .text.Keypad_Initialization
                0x00002240       0x20 ./Firmware/KEYPAD/keypad.o
                0x00002240                Keypad_Initialization
 .text.KP_GetTheButton
                0x00002260       0xde ./Firmware/KEYPAD/keypad.o
                0x00002260                KP_GetTheButton
 .text.delay    0x0000233e       0x7c ./App/THERMOSTAT/thermostat.o
 .text.THERMOSTAT_STRING_2
                0x000023ba       0x40 ./App/THERMOSTAT/thermostat.o
 .text.THERMOSTAT_CHAR_TO_DEC
                0x000023fa       0xcc ./App/THERMOSTAT/thermostat.o
 .text.THERMOSTAT_DesiredTemp
                0x000024c6      0x140 ./App/THERMOSTAT/thermostat.o
 .text.THERMOSTAT_CurrentTemp
                0x00002606       0x5e ./App/THERMOSTAT/thermostat.o
 .text.Thermostat_SetTemp
                0x00002664       0xa8 ./App/THERMOSTAT/thermostat.o
 .text.App_Init
                0x0000270c       0x20 ./App/THERMOSTAT/thermostat.o
                0x0000270c                App_Init
 .text.App_Update
                0x0000272c       0x44 ./App/THERMOSTAT/thermostat.o
                0x0000272c                App_Update
 .text.main     0x00002770       0x12 ./main.o
                0x00002770                main
 .text.libgcc   0x00002782       0x3e a:/imt_sdk_win_64/imt_sdk_win_64/winavr/bin/../lib/gcc/avr/4.3.3/avr5\libgcc.a(_mulsi3.o)
                0x00002782                __mulsi3
 .text.libgcc   0x000027c0       0x28 a:/imt_sdk_win_64/imt_sdk_win_64/winavr/bin/../lib/gcc/avr/4.3.3/avr5\libgcc.a(_udivmodhi4.o)
                0x000027c0                __udivmodhi4
 .text.libgcc   0x000027e8       0x44 a:/imt_sdk_win_64/imt_sdk_win_64/winavr/bin/../lib/gcc/avr/4.3.3/avr5\libgcc.a(_udivmodsi4.o)
                0x000027e8                __udivmodsi4
 .text.libgcc   0x0000282c        0x0 a:/imt_sdk_win_64/imt_sdk_win_64/winavr/bin/../lib/gcc/avr/4.3.3/avr5\libgcc.a(_exit.o)
 .text.libgcc   0x0000282c        0x0 a:/imt_sdk_win_64/imt_sdk_win_64/winavr/bin/../lib/gcc/avr/4.3.3/avr5\libgcc.a(_copy_data.o)
 .text.libgcc   0x0000282c        0x0 a:/imt_sdk_win_64/imt_sdk_win_64/winavr/bin/../lib/gcc/avr/4.3.3/avr5\libgcc.a(_clear_bss.o)
                0x0000282c                . = ALIGN (0x2)
 *(.fini9)
 .fini9         0x0000282c        0x0 a:/imt_sdk_win_64/imt_sdk_win_64/winavr/bin/../lib/gcc/avr/4.3.3/avr5\libgcc.a(_exit.o)
                0x0000282c                exit
                0x0000282c                _exit
 *(.fini9)
 *(.fini8)
 *(.fini8)
 *(.fini7)
 *(.fini7)
 *(.fini6)
 *(.fini6)
 *(.fini5)
 *(.fini5)
 *(.fini4)
 *(.fini4)
 *(.fini3)
 *(.fini3)
 *(.fini2)
 *(.fini2)
 *(.fini1)
 *(.fini1)
 *(.fini0)
 .fini0         0x0000282c        0x4 a:/imt_sdk_win_64/imt_sdk_win_64/winavr/bin/../lib/gcc/avr/4.3.3/avr5\libgcc.a(_exit.o)
 *(.fini0)
                0x00002830                _etext = .

.data           0x00800060       0x7e load address 0x00002830
                0x00800060                PROVIDE (__data_start, .)
 *(.data)
 .data          0x00800060        0x0 a:/imt_sdk_win_64/imt_sdk_win_64/winavr/bin/../lib/gcc/avr/4.3.3/../../../../avr/lib/avr5/crtm16.o
 .data          0x00800060        0x0 ./Mcal/UART/uart.o
 .data          0x00800060        0x0 ./Mcal/TWI/twi.o
 .data          0x00800060        0x0 ./Mcal/I2C/I2C.o
 .data          0x00800060        0x0 ./Mcal/I2C/MockI2CRegisters.o
 .data          0x00800060        0x0 ./Mcal/GLOBAL_INTERRUPT/globalInterrupt.o
 .data          0x00800060        0x0 ./Mcal/EXTERNAL_INTERRUPT/externalInterrupt.o
 .data          0x00800060        0x0 ./Mcal/DIO/DIO.o
 .data          0x00800060        0x0 ./Mcal/ADC/adc.o
 .data          0x00800060        0x0 ./Firmware/TEMP/temp.o
 .data          0x00800060        0x0 ./Firmware/Motor/Motor.o
 .data          0x00800060        0x0 ./Firmware/LCD/lcd.o
 .data          0x00800060        0x0 ./Firmware/KEYPAD/keypad.o
 .data          0x00800060       0x6f ./App/THERMOSTAT/thermostat.o
 .data          0x008000cf        0x0 ./main.o
 .data          0x008000cf        0x0 a:/imt_sdk_win_64/imt_sdk_win_64/winavr/bin/../lib/gcc/avr/4.3.3/avr5\libgcc.a(_mulsi3.o)
 .data          0x008000cf        0x0 a:/imt_sdk_win_64/imt_sdk_win_64/winavr/bin/../lib/gcc/avr/4.3.3/avr5\libgcc.a(_udivmodhi4.o)
 .data          0x008000cf        0x0 a:/imt_sdk_win_64/imt_sdk_win_64/winavr/bin/../lib/gcc/avr/4.3.3/avr5\libgcc.a(_udivmodsi4.o)
 .data          0x008000cf        0x0 a:/imt_sdk_win_64/imt_sdk_win_64/winavr/bin/../lib/gcc/avr/4.3.3/avr5\libgcc.a(_exit.o)
 .data          0x008000cf        0x0 a:/imt_sdk_win_64/imt_sdk_win_64/winavr/bin/../lib/gcc/avr/4.3.3/avr5\libgcc.a(_copy_data.o)
 .data          0x008000cf        0x0 a:/imt_sdk_win_64/imt_sdk_win_64/winavr/bin/../lib/gcc/avr/4.3.3/avr5\libgcc.a(_clear_bss.o)
 *(.data*)
 .data.I2C_DATA_R
                0x008000cf        0x1 ./Mcal/I2C/MockI2CRegisters.o
                0x008000cf                I2C_DATA_R
 .data.I2C_SLAVE_ADDR_R
                0x008000d0        0x1 ./Mcal/I2C/MockI2CRegisters.o
                0x008000d0                I2C_SLAVE_ADDR_R
 .data.I2C_STATUS_R
                0x008000d1        0x1 ./Mcal/I2C/MockI2CRegisters.o
                0x008000d1                I2C_STATUS_R
 .data.gu8_symbol
                0x008000d2        0xc ./Firmware/KEYPAD/keypad.o
                0x008000d2                gu8_symbol
 *(.rodata)
 *(.rodata*)
 *(.gnu.linkonce.d*)
                0x008000de                . = ALIGN (0x2)
                0x008000de                _edata = .
                0x008000de                PROVIDE (__data_end, .)

.bss            0x008000de       0x17
                0x008000de                PROVIDE (__bss_start, .)
 *(.bss)
 .bss           0x008000de        0x0 a:/imt_sdk_win_64/imt_sdk_win_64/winavr/bin/../lib/gcc/avr/4.3.3/../../../../avr/lib/avr5/crtm16.o
 .bss           0x008000de        0x0 ./Mcal/UART/uart.o
 .bss           0x008000de        0x0 ./Mcal/TWI/twi.o
 .bss           0x008000de        0x0 ./Mcal/I2C/I2C.o
 .bss           0x008000de        0x0 ./Mcal/I2C/MockI2CRegisters.o
 .bss           0x008000de        0x0 ./Mcal/GLOBAL_INTERRUPT/globalInterrupt.o
 .bss           0x008000de        0x0 ./Mcal/EXTERNAL_INTERRUPT/externalInterrupt.o
 .bss           0x008000de        0x0 ./Mcal/DIO/DIO.o
 .bss           0x008000de        0x0 ./Mcal/ADC/adc.o
 .bss           0x008000de        0x0 ./Firmware/TEMP/temp.o
 .bss           0x008000de        0x0 ./Firmware/Motor/Motor.o
 .bss           0x008000de        0x0 ./Firmware/LCD/lcd.o
 .bss           0x008000de        0x0 ./Firmware/KEYPAD/keypad.o
 .bss           0x008000de        0x0 ./App/THERMOSTAT/thermostat.o
 .bss           0x008000de        0x0 ./main.o
 .bss           0x008000de        0x0 a:/imt_sdk_win_64/imt_sdk_win_64/winavr/bin/../lib/gcc/avr/4.3.3/avr5\libgcc.a(_mulsi3.o)
 .bss           0x008000de        0x0 a:/imt_sdk_win_64/imt_sdk_win_64/winavr/bin/../lib/gcc/avr/4.3.3/avr5\libgcc.a(_udivmodhi4.o)
 .bss           0x008000de        0x0 a:/imt_sdk_win_64/imt_sdk_win_64/winavr/bin/../lib/gcc/avr/4.3.3/avr5\libgcc.a(_udivmodsi4.o)
 .bss           0x008000de        0x0 a:/imt_sdk_win_64/imt_sdk_win_64/winavr/bin/../lib/gcc/avr/4.3.3/avr5\libgcc.a(_exit.o)
 .bss           0x008000de        0x0 a:/imt_sdk_win_64/imt_sdk_win_64/winavr/bin/../lib/gcc/avr/4.3.3/avr5\libgcc.a(_copy_data.o)
 .bss           0x008000de        0x0 a:/imt_sdk_win_64/imt_sdk_win_64/winavr/bin/../lib/gcc/avr/4.3.3/avr5\libgcc.a(_clear_bss.o)
 *(.bss*)
 .bss.g_Callback
                0x008000de        0x2 ./Mcal/I2C/I2C.o
 .bss.I2C_BIT_RATE_R
                0x008000e0        0x1 ./Mcal/I2C/MockI2CRegisters.o
                0x008000e0                I2C_BIT_RATE_R
 .bss.I2C_CONTROL_R
                0x008000e1        0x1 ./Mcal/I2C/MockI2CRegisters.o
                0x008000e1                I2C_CONTROL_R
 .bss.gu8_desired_temp
                0x008000e2        0x2 ./App/THERMOSTAT/thermostat.o
                0x008000e2                gu8_desired_temp
 .bss.gu8_ActualTemp
                0x008000e4        0x1 ./App/THERMOSTAT/thermostat.o
                0x008000e4                gu8_ActualTemp
 .bss.gu8_PressedBtn
                0x008000e5        0x1 ./App/THERMOSTAT/thermostat.o
                0x008000e5                gu8_PressedBtn
 .bss.gu8_EnteredTemp
                0x008000e6        0x4 ./App/THERMOSTAT/thermostat.o
                0x008000e6                gu8_EnteredTemp
 .bss.gu8_counter
                0x008000ea        0x1 ./App/THERMOSTAT/thermostat.o
                0x008000ea                gu8_counter
 *(COMMON)
 COMMON         0x008000eb        0x6 ./Mcal/UART/uart.o
                0x008000eb                Gptr_uartRxInt
                0x008000ed                Gptr_uartTxInt
                0x008000ef                Gptr_uartDataEmptyRegInt
 COMMON         0x008000f1        0x2 ./Mcal/TWI/twi.o
                0x008000f1                G_TWI_CALLBACK
 COMMON         0x008000f3        0x2 ./Mcal/ADC/adc.o
                0x008000f3                G_ADC_CALLBACK
                0x008000f5                PROVIDE (__bss_end, .)
                0x00002830                __data_load_start = LOADADDR (.data)
                0x000028ae                __data_load_end = (__data_load_start + SIZEOF (.data))

.noinit         0x008000f5        0x0
                0x008000f5                PROVIDE (__noinit_start, .)
 *(.noinit*)
                0x008000f5                PROVIDE (__noinit_end, .)
                0x008000f5                _end = .
                0x008000f5                PROVIDE (__heap_start, .)

.eeprom         0x00810000        0x0
 *(.eeprom*)
                0x00810000                __eeprom_end = .

.fuse
 *(.fuse)
 *(.lfuse)
 *(.hfuse)
 *(.efuse)

.lock
 *(.lock*)

.signature
 *(.signature*)

.stab           0x00000000     0x4908
 *(.stab)
 .stab          0x00000000      0x60c ./Mcal/UART/uart.o
 .stab          0x0000060c      0x984 ./Mcal/TWI/twi.o
                                0x990 (size before relaxing)
 .stab          0x00000f90      0xa2c ./Mcal/I2C/I2C.o
                                0xa38 (size before relaxing)
 .stab          0x000019bc      0x120 ./Mcal/I2C/MockI2CRegisters.o
                                0x21c (size before relaxing)
 .stab          0x00001adc      0x24c ./Mcal/GLOBAL_INTERRUPT/globalInterrupt.o
                                0x258 (size before relaxing)
 .stab          0x00001d28      0x414 ./Mcal/EXTERNAL_INTERRUPT/externalInterrupt.o
                                0x420 (size before relaxing)
 .stab          0x0000213c      0x834 ./Mcal/DIO/DIO.o
                                0x840 (size before relaxing)
 .stab          0x00002970      0x42c ./Mcal/ADC/adc.o
                                0x438 (size before relaxing)
 .stab          0x00002d9c      0x3d8 ./Firmware/TEMP/temp.o
                                0x3e4 (size before relaxing)
 .stab          0x00003174      0x3cc ./Firmware/Motor/Motor.o
                                0x3d8 (size before relaxing)
 .stab          0x00003540      0x678 ./Firmware/LCD/lcd.o
                                0x684 (size before relaxing)
 .stab          0x00003bb8      0x390 ./Firmware/KEYPAD/keypad.o
                                0x39c (size before relaxing)
 .stab          0x00003f48      0x894 ./App/THERMOSTAT/thermostat.o
                                0x8a0 (size before relaxing)
 .stab          0x000047dc      0x12c ./main.o
                                0x24c (size before relaxing)

.stabstr        0x00000000     0x1a39
 *(.stabstr)
 .stabstr       0x00000000     0x1a39 ./Mcal/UART/uart.o

.stab.excl
 *(.stab.excl)

.stab.exclstr
 *(.stab.exclstr)

.stab.index
 *(.stab.index)

.stab.indexstr
 *(.stab.indexstr)

.comment
 *(.comment)

.debug
 *(.debug)

.line
 *(.line)

.debug_srcinfo
 *(.debug_srcinfo)

.debug_sfnames
 *(.debug_sfnames)

.debug_aranges
 *(.debug_aranges)

.debug_pubnames
 *(.debug_pubnames)

.debug_info
 *(.debug_info)
 *(.gnu.linkonce.wi.*)

.debug_abbrev
 *(.debug_abbrev)

.debug_line
 *(.debug_line)

.debug_frame
 *(.debug_frame)

.debug_str
 *(.debug_str)

.debug_loc
 *(.debug_loc)

.debug_macinfo
 *(.debug_macinfo)
OUTPUT(S_Thermostat.elf elf32-avr)
LOAD linker stubs
