Archive member included because of file (symbol)

a:/imt_sdk_win_64/imt_sdk_win_64/winavr/bin/../lib/gcc/avr/4.3.3/avr5\libgcc.a(_exit.o)
                              a:/imt_sdk_win_64/imt_sdk_win_64/winavr/bin/../lib/gcc/avr/4.3.3/../../../../avr/lib/avr5/crtm16.o (exit)
a:/imt_sdk_win_64/imt_sdk_win_64/winavr/bin/../lib/gcc/avr/4.3.3/avr5\libgcc.a(_copy_data.o)
                              ./App/SLAVE_APP/spi_slave_app.o (__do_copy_data)
a:/imt_sdk_win_64/imt_sdk_win_64/winavr/bin/../lib/gcc/avr/4.3.3/avr5\libgcc.a(_clear_bss.o)
                              ./Mcal/UART/uart.o (__do_clear_bss)

Allocating common symbols
Common symbol       size              file

Gptr_uartRxInt      0x2               ./Mcal/UART/uart.o
Gptr_uartTxInt      0x2               ./Mcal/UART/uart.o
G_SPI_CALLBACK      0x2               ./Mcal/SPI/spi.o
Gptr_uartDataEmptyRegInt
                    0x2               ./Mcal/UART/uart.o

Memory Configuration

Name             Origin             Length             Attributes
text             0x00000000         0x00020000         xr
data             0x00800060         0x0000ffa0         rw !x
eeprom           0x00810000         0x00010000         rw !x
fuse             0x00820000         0x00000400         rw !x
lock             0x00830000         0x00000400         rw !x
signature        0x00840000         0x00000400         rw !x
*default*        0x00000000         0xffffffff

Linker script and memory map

LOAD a:/imt_sdk_win_64/imt_sdk_win_64/winavr/bin/../lib/gcc/avr/4.3.3/../../../../avr/lib/avr5/crtm16.o
LOAD ./Mcal/UART/uart.o
LOAD ./Mcal/SPI/spi.o
LOAD ./Mcal/GLOBAL_INTERRUPT/globalInterrupt.o
LOAD ./Mcal/EXTERNAL_INTERRUPT/externalInterrupt.o
LOAD ./Mcal/DIO/DIO.o
LOAD ./Firmware/LED/led.o
LOAD ./App/SLAVE_APP/spi_slave_app.o
LOAD ./main.o
LOAD a:/imt_sdk_win_64/imt_sdk_win_64/winavr/bin/../lib/gcc/avr/4.3.3/avr5\libgcc.a
LOAD a:/imt_sdk_win_64/imt_sdk_win_64/winavr/bin/../lib/gcc/avr/4.3.3/../../../../avr/lib/avr5\libc.a
LOAD a:/imt_sdk_win_64/imt_sdk_win_64/winavr/bin/../lib/gcc/avr/4.3.3/avr5\libgcc.a

.hash
 *(.hash)

.dynsym
 *(.dynsym)

.dynstr
 *(.dynstr)

.gnu.version
 *(.gnu.version)

.gnu.version_d
 *(.gnu.version_d)

.gnu.version_r
 *(.gnu.version_r)

.rel.init
 *(.rel.init)

.rela.init
 *(.rela.init)

.rel.text
 *(.rel.text)
 *(.rel.text.*)
 *(.rel.gnu.linkonce.t*)

.rela.text
 *(.rela.text)
 *(.rela.text.*)
 *(.rela.gnu.linkonce.t*)

.rel.fini
 *(.rel.fini)

.rela.fini
 *(.rela.fini)

.rel.rodata
 *(.rel.rodata)
 *(.rel.rodata.*)
 *(.rel.gnu.linkonce.r*)

.rela.rodata
 *(.rela.rodata)
 *(.rela.rodata.*)
 *(.rela.gnu.linkonce.r*)

.rel.data
 *(.rel.data)
 *(.rel.data.*)
 *(.rel.gnu.linkonce.d*)

.rela.data
 *(.rela.data)
 *(.rela.data.*)
 *(.rela.gnu.linkonce.d*)

.rel.ctors
 *(.rel.ctors)

.rela.ctors
 *(.rela.ctors)

.rel.dtors
 *(.rel.dtors)

.rela.dtors
 *(.rela.dtors)

.rel.got
 *(.rel.got)

.rela.got
 *(.rela.got)

.rel.bss
 *(.rel.bss)

.rela.bss
 *(.rela.bss)

.rel.plt
 *(.rel.plt)

.rela.plt
 *(.rela.plt)

.text           0x00000000     0x15ae
 *(.vectors)
 .vectors       0x00000000       0x54 a:/imt_sdk_win_64/imt_sdk_win_64/winavr/bin/../lib/gcc/avr/4.3.3/../../../../avr/lib/avr5/crtm16.o
                0x00000000                __vectors
                0x00000000                __vector_default
 *(.vectors)
 *(.progmem.gcc*)
 *(.progmem*)
                0x00000054                . = ALIGN (0x2)
                0x00000054                __trampolines_start = .
 *(.trampolines)
 .trampolines   0x00000054        0x0 linker stubs
 *(.trampolines*)
                0x00000054                __trampolines_end = .
 *(.jumptables)
 *(.jumptables*)
 *(.lowtext)
 *(.lowtext*)
                0x00000054                __ctors_start = .
 *(.ctors)
                0x00000054                __ctors_end = .
                0x00000054                __dtors_start = .
 *(.dtors)
                0x00000054                __dtors_end = .
 SORT(*)(.ctors)
 SORT(*)(.dtors)
 *(.init0)
 .init0         0x00000054        0x0 a:/imt_sdk_win_64/imt_sdk_win_64/winavr/bin/../lib/gcc/avr/4.3.3/../../../../avr/lib/avr5/crtm16.o
                0x00000054                __init
 *(.init0)
 *(.init1)
 *(.init1)
 *(.init2)
 .init2         0x00000054        0xc a:/imt_sdk_win_64/imt_sdk_win_64/winavr/bin/../lib/gcc/avr/4.3.3/../../../../avr/lib/avr5/crtm16.o
 *(.init2)
 *(.init3)
 *(.init3)
 *(.init4)
 .init4         0x00000060       0x16 a:/imt_sdk_win_64/imt_sdk_win_64/winavr/bin/../lib/gcc/avr/4.3.3/avr5\libgcc.a(_copy_data.o)
                0x00000060                __do_copy_data
 .init4         0x00000076       0x10 a:/imt_sdk_win_64/imt_sdk_win_64/winavr/bin/../lib/gcc/avr/4.3.3/avr5\libgcc.a(_clear_bss.o)
                0x00000076                __do_clear_bss
 *(.init4)
 *(.init5)
 *(.init5)
 *(.init6)
 *(.init6)
 *(.init7)
 *(.init7)
 *(.init8)
 *(.init8)
 *(.init9)
 .init9         0x00000086        0x8 a:/imt_sdk_win_64/imt_sdk_win_64/winavr/bin/../lib/gcc/avr/4.3.3/../../../../avr/lib/avr5/crtm16.o
 *(.init9)
 *(.text)
 .text          0x0000008e        0x4 a:/imt_sdk_win_64/imt_sdk_win_64/winavr/bin/../lib/gcc/avr/4.3.3/../../../../avr/lib/avr5/crtm16.o
                0x0000008e                __bad_interrupt
                0x0000008e                __vector_6
                0x0000008e                __vector_3
                0x0000008e                __vector_11
                0x0000008e                __vector_13
                0x0000008e                __vector_17
                0x0000008e                __vector_19
                0x0000008e                __vector_7
                0x0000008e                __vector_5
                0x0000008e                __vector_4
                0x0000008e                __vector_9
                0x0000008e                __vector_15
                0x0000008e                __vector_8
                0x0000008e                __vector_14
                0x0000008e                __vector_10
                0x0000008e                __vector_16
                0x0000008e                __vector_18
                0x0000008e                __vector_20
 .text          0x00000092        0x0 ./Mcal/UART/uart.o
 .text          0x00000092        0x0 ./Mcal/SPI/spi.o
 .text          0x00000092        0x0 ./Mcal/GLOBAL_INTERRUPT/globalInterrupt.o
 .text          0x00000092        0x0 ./Mcal/EXTERNAL_INTERRUPT/externalInterrupt.o
 .text          0x00000092        0x0 ./Mcal/DIO/DIO.o
 .text          0x00000092        0x0 ./Firmware/LED/led.o
 .text          0x00000092        0x0 ./App/SLAVE_APP/spi_slave_app.o
 .text          0x00000092        0x0 ./main.o
 .text          0x00000092        0x0 a:/imt_sdk_win_64/imt_sdk_win_64/winavr/bin/../lib/gcc/avr/4.3.3/avr5\libgcc.a(_exit.o)
 .text          0x00000092        0x0 a:/imt_sdk_win_64/imt_sdk_win_64/winavr/bin/../lib/gcc/avr/4.3.3/avr5\libgcc.a(_copy_data.o)
 .text          0x00000092        0x0 a:/imt_sdk_win_64/imt_sdk_win_64/winavr/bin/../lib/gcc/avr/4.3.3/avr5\libgcc.a(_clear_bss.o)
                0x00000092                . = ALIGN (0x2)
 *(.text.*)
 .text.UART_Init
                0x00000092       0x64 ./Mcal/UART/uart.o
                0x00000092                UART_Init
 .text.UART_TransmitChar
                0x000000f6       0x3a ./Mcal/UART/uart.o
                0x000000f6                UART_TransmitChar
 .text.UART_TransmitString
                0x00000130       0x92 ./Mcal/UART/uart.o
                0x00000130                UART_TransmitString
 .text.UART_ReceiveChar
                0x000001c2       0x36 ./Mcal/UART/uart.o
                0x000001c2                UART_ReceiveChar
 .text.UART_ReceiveString
                0x000001f8       0xb8 ./Mcal/UART/uart.o
                0x000001f8                UART_ReceiveString
 .text.UART_EnableInterrupt
                0x000002b0       0x7e ./Mcal/UART/uart.o
                0x000002b0                UART_EnableInterrupt
 .text.UART_DisableInterrupt
                0x0000032e       0x7e ./Mcal/UART/uart.o
                0x0000032e                UART_DisableInterrupt
 .text.SPI_Init
                0x000003ac       0x5a ./Mcal/SPI/spi.o
                0x000003ac                SPI_Init
 .text.SPI_TransmitChar
                0x00000406       0x32 ./Mcal/SPI/spi.o
                0x00000406                SPI_TransmitChar
 .text.SPI_TransmitString
                0x00000438       0x70 ./Mcal/SPI/spi.o
                0x00000438                SPI_TransmitString
 .text.SPI_ReceiveChar
                0x000004a8       0x3a ./Mcal/SPI/spi.o
                0x000004a8                SPI_ReceiveChar
 .text.SPI_ReceiveString
                0x000004e2       0x70 ./Mcal/SPI/spi.o
                0x000004e2                SPI_ReceiveString
 .text.SPI_EnableInterrupt
                0x00000552       0x24 ./Mcal/SPI/spi.o
                0x00000552                SPI_EnableInterrupt
 .text.SPI_DisableInterrupt
                0x00000576       0x24 ./Mcal/SPI/spi.o
                0x00000576                SPI_DisableInterrupt
 .text.SPI_SetCallback
                0x0000059a       0x2c ./Mcal/SPI/spi.o
                0x0000059a                SPI_SetCallback
 .text.__vector_12
                0x000005c6       0x5a ./Mcal/SPI/spi.o
                0x000005c6                __vector_12
 .text.GI_EnableGI
                0x00000620       0x1c ./Mcal/GLOBAL_INTERRUPT/globalInterrupt.o
                0x00000620                GI_EnableGI
 .text.GI_DisableGI
                0x0000063c       0x1c ./Mcal/GLOBAL_INTERRUPT/globalInterrupt.o
                0x0000063c                GI_DisableGI
 .text.EX_vdDisable
                0x00000658       0x74 ./Mcal/EXTERNAL_INTERRUPT/externalInterrupt.o
                0x00000658                EX_vdDisable
 .text.EX_vdConfigInterrupt
                0x000006cc      0x238 ./Mcal/EXTERNAL_INTERRUPT/externalInterrupt.o
                0x000006cc                EX_vdConfigInterrupt
 .text.__vector_1
                0x00000904       0x20 ./Mcal/EXTERNAL_INTERRUPT/externalInterrupt.o
                0x00000904                __vector_1
 .text.__vector_2
                0x00000924       0x20 ./Mcal/EXTERNAL_INTERRUPT/externalInterrupt.o
                0x00000924                __vector_2
 .text.DIO_setPortDirection
                0x00000944       0x96 ./Mcal/DIO/DIO.o
                0x00000944                DIO_setPortDirection
 .text.DIO_SetPinDirection
                0x000009da      0x222 ./Mcal/DIO/DIO.o
                0x000009da                DIO_SetPinDirection
 .text.DIO_writePort
                0x00000bfc       0x96 ./Mcal/DIO/DIO.o
                0x00000bfc                DIO_writePort
 .text.DIO_WritePin
                0x00000c92      0x222 ./Mcal/DIO/DIO.o
                0x00000c92                DIO_WritePin
 .text.DIO_ReadPort
                0x00000eb4       0xaa ./Mcal/DIO/DIO.o
                0x00000eb4                DIO_ReadPort
 .text.DIO_ReadPin
                0x00000f5e      0x128 ./Mcal/DIO/DIO.o
                0x00000f5e                DIO_ReadPin
 .text.DIO_TogglePin
                0x00001086      0x118 ./Mcal/DIO/DIO.o
                0x00001086                DIO_TogglePin
 .text.DIO_EnablePinPullup
                0x0000119e      0x1d2 ./Mcal/DIO/DIO.o
                0x0000119e                DIO_EnablePinPullup
 .text.LED_Init
                0x00001370       0x2e ./Firmware/LED/led.o
                0x00001370                LED_Init
 .text.LED_On   0x0000139e       0x66 ./Firmware/LED/led.o
                0x0000139e                LED_On
 .text.LED_Off  0x00001404       0x66 ./Firmware/LED/led.o
                0x00001404                LED_Off
 .text.LED_Toggle
                0x0000146a       0x60 ./Firmware/LED/led.o
                0x0000146a                LED_Toggle
 .text.LED_Status
                0x000014ca       0x7c ./Firmware/LED/led.o
                0x000014ca                LED_Status
 .text.App_Init
                0x00001546       0x1c ./App/SLAVE_APP/spi_slave_app.o
                0x00001546                App_Init
 .text.App_Update
                0x00001562       0x28 ./App/SLAVE_APP/spi_slave_app.o
                0x00001562                App_Update
 .text.SPI_ReceiveingInt
                0x0000158a        0xe ./App/SLAVE_APP/spi_slave_app.o
                0x0000158a                SPI_ReceiveingInt
 .text.main     0x00001598       0x12 ./main.o
                0x00001598                main
 .text.libgcc   0x000015aa        0x0 a:/imt_sdk_win_64/imt_sdk_win_64/winavr/bin/../lib/gcc/avr/4.3.3/avr5\libgcc.a(_exit.o)
 .text.libgcc   0x000015aa        0x0 a:/imt_sdk_win_64/imt_sdk_win_64/winavr/bin/../lib/gcc/avr/4.3.3/avr5\libgcc.a(_copy_data.o)
 .text.libgcc   0x000015aa        0x0 a:/imt_sdk_win_64/imt_sdk_win_64/winavr/bin/../lib/gcc/avr/4.3.3/avr5\libgcc.a(_clear_bss.o)
                0x000015aa                . = ALIGN (0x2)
 *(.fini9)
 .fini9         0x000015aa        0x0 a:/imt_sdk_win_64/imt_sdk_win_64/winavr/bin/../lib/gcc/avr/4.3.3/avr5\libgcc.a(_exit.o)
                0x000015aa                exit
                0x000015aa                _exit
 *(.fini9)
 *(.fini8)
 *(.fini8)
 *(.fini7)
 *(.fini7)
 *(.fini6)
 *(.fini6)
 *(.fini5)
 *(.fini5)
 *(.fini4)
 *(.fini4)
 *(.fini3)
 *(.fini3)
 *(.fini2)
 *(.fini2)
 *(.fini1)
 *(.fini1)
 *(.fini0)
 .fini0         0x000015aa        0x4 a:/imt_sdk_win_64/imt_sdk_win_64/winavr/bin/../lib/gcc/avr/4.3.3/avr5\libgcc.a(_exit.o)
 *(.fini0)
                0x000015ae                _etext = .

.data           0x00800060        0x2 load address 0x000015ae
                0x00800060                PROVIDE (__data_start, .)
 *(.data)
 .data          0x00800060        0x0 a:/imt_sdk_win_64/imt_sdk_win_64/winavr/bin/../lib/gcc/avr/4.3.3/../../../../avr/lib/avr5/crtm16.o
 .data          0x00800060        0x0 ./Mcal/UART/uart.o
 .data          0x00800060        0x0 ./Mcal/SPI/spi.o
 .data          0x00800060        0x0 ./Mcal/GLOBAL_INTERRUPT/globalInterrupt.o
 .data          0x00800060        0x0 ./Mcal/EXTERNAL_INTERRUPT/externalInterrupt.o
 .data          0x00800060        0x0 ./Mcal/DIO/DIO.o
 .data          0x00800060        0x0 ./Firmware/LED/led.o
 .data          0x00800060        0x0 ./App/SLAVE_APP/spi_slave_app.o
 .data          0x00800060        0x0 ./main.o
 .data          0x00800060        0x0 a:/imt_sdk_win_64/imt_sdk_win_64/winavr/bin/../lib/gcc/avr/4.3.3/avr5\libgcc.a(_exit.o)
 .data          0x00800060        0x0 a:/imt_sdk_win_64/imt_sdk_win_64/winavr/bin/../lib/gcc/avr/4.3.3/avr5\libgcc.a(_copy_data.o)
 .data          0x00800060        0x0 a:/imt_sdk_win_64/imt_sdk_win_64/winavr/bin/../lib/gcc/avr/4.3.3/avr5\libgcc.a(_clear_bss.o)
 *(.data*)
 .data.GU8_Bufer
                0x00800060        0x1 ./App/SLAVE_APP/spi_slave_app.o
                0x00800060                GU8_Bufer
 *(.rodata)
 *(.rodata*)
 *(.gnu.linkonce.d*)
                0x00800062                . = ALIGN (0x2)
 *fill*         0x00800061        0x1 00
                0x00800062                _edata = .
                0x00800062                PROVIDE (__data_end, .)

.bss            0x00800062        0x8
                0x00800062                PROVIDE (__bss_start, .)
 *(.bss)
 .bss           0x00800062        0x0 a:/imt_sdk_win_64/imt_sdk_win_64/winavr/bin/../lib/gcc/avr/4.3.3/../../../../avr/lib/avr5/crtm16.o
 .bss           0x00800062        0x0 ./Mcal/UART/uart.o
 .bss           0x00800062        0x0 ./Mcal/SPI/spi.o
 .bss           0x00800062        0x0 ./Mcal/GLOBAL_INTERRUPT/globalInterrupt.o
 .bss           0x00800062        0x0 ./Mcal/EXTERNAL_INTERRUPT/externalInterrupt.o
 .bss           0x00800062        0x0 ./Mcal/DIO/DIO.o
 .bss           0x00800062        0x0 ./Firmware/LED/led.o
 .bss           0x00800062        0x0 ./App/SLAVE_APP/spi_slave_app.o
 .bss           0x00800062        0x0 ./main.o
 .bss           0x00800062        0x0 a:/imt_sdk_win_64/imt_sdk_win_64/winavr/bin/../lib/gcc/avr/4.3.3/avr5\libgcc.a(_exit.o)
 .bss           0x00800062        0x0 a:/imt_sdk_win_64/imt_sdk_win_64/winavr/bin/../lib/gcc/avr/4.3.3/avr5\libgcc.a(_copy_data.o)
 .bss           0x00800062        0x0 a:/imt_sdk_win_64/imt_sdk_win_64/winavr/bin/../lib/gcc/avr/4.3.3/avr5\libgcc.a(_clear_bss.o)
 *(.bss*)
 *(COMMON)
 COMMON         0x00800062        0x6 ./Mcal/UART/uart.o
                0x00800062                Gptr_uartRxInt
                0x00800064                Gptr_uartTxInt
                0x00800066                Gptr_uartDataEmptyRegInt
 COMMON         0x00800068        0x2 ./Mcal/SPI/spi.o
                0x00800068                G_SPI_CALLBACK
                0x0080006a                PROVIDE (__bss_end, .)
                0x000015ae                __data_load_start = LOADADDR (.data)
                0x000015b0                __data_load_end = (__data_load_start + SIZEOF (.data))

.noinit         0x0080006a        0x0
                0x0080006a                PROVIDE (__noinit_start, .)
 *(.noinit*)
                0x0080006a                PROVIDE (__noinit_end, .)
                0x0080006a                _end = .
                0x0080006a                PROVIDE (__heap_start, .)

.eeprom         0x00810000        0x0
 *(.eeprom*)
                0x00810000                __eeprom_end = .

.fuse
 *(.fuse)
 *(.lfuse)
 *(.hfuse)
 *(.efuse)

.lock
 *(.lock*)

.signature
 *(.signature*)

.stab           0x00000000     0x22b0
 *(.stab)
 .stab          0x00000000      0x618 ./Mcal/UART/uart.o
 .stab          0x00000618      0x600 ./Mcal/SPI/spi.o
                                0x60c (size before relaxing)
 .stab          0x00000c18      0x24c ./Mcal/GLOBAL_INTERRUPT/globalInterrupt.o
                                0x258 (size before relaxing)
 .stab          0x00000e64      0x414 ./Mcal/EXTERNAL_INTERRUPT/externalInterrupt.o
                                0x420 (size before relaxing)
 .stab          0x00001278      0x834 ./Mcal/DIO/DIO.o
                                0x840 (size before relaxing)
 .stab          0x00001aac      0x420 ./Firmware/LED/led.o
                                0x42c (size before relaxing)
 .stab          0x00001ecc      0x2b8 ./App/SLAVE_APP/spi_slave_app.o
                                0x2c4 (size before relaxing)
 .stab          0x00002184      0x12c ./main.o
                                0x24c (size before relaxing)

.stabstr        0x00000000      0xf6c
 *(.stabstr)
 .stabstr       0x00000000      0xf6c ./Mcal/UART/uart.o

.stab.excl
 *(.stab.excl)

.stab.exclstr
 *(.stab.exclstr)

.stab.index
 *(.stab.index)

.stab.indexstr
 *(.stab.indexstr)

.comment
 *(.comment)

.debug
 *(.debug)

.line
 *(.line)

.debug_srcinfo
 *(.debug_srcinfo)

.debug_sfnames
 *(.debug_sfnames)

.debug_aranges
 *(.debug_aranges)

.debug_pubnames
 *(.debug_pubnames)

.debug_info
 *(.debug_info)
 *(.gnu.linkonce.wi.*)

.debug_abbrev
 *(.debug_abbrev)

.debug_line
 *(.debug_line)

.debug_frame
 *(.debug_frame)

.debug_str
 *(.debug_str)

.debug_loc
 *(.debug_loc)

.debug_macinfo
 *(.debug_macinfo)
OUTPUT(S_SPI_SLAVE.elf elf32-avr)
LOAD linker stubs
